
Allocating common symbols
Common symbol       size              file

netbufpool          0x4               binaries/net.o
readylist           0x2               binaries/ready.o
rfltab              0x5a0             binaries/rflinit.o
queueArr            0x78              binaries/initialize.o
sleepq              0x2               binaries/clkinit.o
nnames              0x4               binaries/naminit.o
udptab              0x168             binaries/udp.o
minheap             0x4               binaries/meminit.o
marks               0x50              binaries/mark.o
currpid             0x4               binaries/initialize.o
Lf_data             0x20c             binaries/lfsinit.o
porttab             0x2d0             binaries/ptinit.o
girmask             0x2               binaries/evec.o
ttytab              0x10c             binaries/ttyinit.o
proctab             0x1770            binaries/initialize.o
prcount             0x4               binaries/initialize.o
lfltab              0xf00             binaries/lflinit.o
clkmilli            0x4               binaries/clkinit.o
rdstab              0x8c              binaries/rdsinit.o
ethertab            0x138             binaries/ethinit.o
NetData             0xa8              binaries/net.o
nmarks              0x4               binaries/mark.o
xts_conf            0x2d0             binaries/initialize.o
Defer               0x8               binaries/resched.o
semtab              0x4b0             binaries/initialize.o
maxheap             0x4               binaries/meminit.o
preempt             0x4               binaries/clkinit.o
buftab              0xf0              binaries/bufinit.o
Rf_data             0x18              binaries/rfsinit.o
mkmutex             0x4               binaries/mark.o
xts_ready           0x1e0             binaries/initialize.o
clktime             0x4               binaries/clkinit.o
arpcache            0x140             binaries/arp.o
icmptab             0x230             binaries/icmp.o
nbpools             0x4               binaries/bufinit.o
queuetab            0x980             binaries/queue.o
ptnextid            0x4               binaries/ptinit.o
Ram                 0x19000           binaries/raminit.o
ipoqueue            0x2c              binaries/ip.o
prctxswbeg          0x4               binaries/clkinit.o
memlist             0x8               binaries/initialize.o
nametab             0x19a0            binaries/naminit.o
ptfree              0x4               binaries/ptinit.o

Memory Configuration

Name             Origin             Length             Attributes
*default*        0x0000000000000000 0xffffffffffffffff

Linker script and memory map

                0x0000000000100000                physbase = 0x100000
                0x0000000000100000                . = physbase
                0x0000000000100000                . = ALIGN (0x1000)

.text           0x0000000000100000    0x16000
                0x0000000000100000                text = ABSOLUTE (.)
 *(.text .text.*)
 .text          0x0000000000100000      0x1a8 binaries/start.o
                0x0000000000100024                start
                0x00000000001000f6                inb
                0x00000000001000fe                inw
                0x0000000000100107                inl
                0x000000000010010f                outb
                0x0000000000100119                outw
                0x0000000000100124                outl
                0x000000000010012e                _rtcin
                0x0000000000100139                ___udivsi3
                0x0000000000100144                ___divsi3
                0x0000000000100150                sbzero
                0x0000000000100160                bcopy
                0x0000000000100174                insw
                0x000000000010018a                outsw
                0x00000000001001a0                lidt
 .text          0x00000000001001a8      0x2bc binaries/ascdate.o
                0x00000000001001a8                ascdate
 .text          0x0000000000100464       0x14 binaries/bufinit.o
                0x0000000000100464                bufinit
 .text          0x0000000000100478       0x74 binaries/chprio.o
                0x0000000000100478                chprio
 .text          0x00000000001004ec       0x7a binaries/clkhandler.o
                0x00000000001004ec                clkhandler
 .text          0x0000000000100566       0x5d binaries/clkinit.o
                0x0000000000100566                clkinit
 .text          0x00000000001005c3       0x56 binaries/close.o
                0x00000000001005c3                close
 .text          0x0000000000100619        0x0 binaries/conf.o
 .text          0x0000000000100619       0x5c binaries/control.o
                0x0000000000100619                control
 .text          0x0000000000100675       0xe0 binaries/cpubound.o
                0x0000000000100675                cpubound
 .text          0x0000000000100755      0x259 binaries/create.o
                0x0000000000100755                create
 .text          0x00000000001009ae      0x20e binaries/early_imr.o
                0x00000000001009ae                intel_cln_early_sb_read_reg
                0x0000000000100a05                intel_cln_early_sb_write_reg
                0x0000000000100abf                remove_irm_protections
 .text          0x0000000000100bbc      0x2f4 binaries/evec.o
                0x0000000000100bbc                setirmask
                0x0000000000100bf4                set_evec
                0x0000000000100c4f                initevec
                0x0000000000100d21                trap
 .text          0x0000000000100eb0       0x7f binaries/freebuf.o
                0x0000000000100eb0                freebuf
 .text          0x0000000000100f2f      0x108 binaries/freemem.o
                0x0000000000100f2f                freemem
 .text          0x0000000000101037       0x6e binaries/getbuf.o
                0x0000000000101037                getbuf
 .text          0x00000000001010a5       0x56 binaries/getc.o
                0x00000000001010a5                getc
 .text          0x00000000001010fb       0x4f binaries/getcpuused.o
                0x00000000001010fb                getcputot
 .text          0x000000000010114a       0x69 binaries/getdev.o
                0x000000000010114a                getdev
 .text          0x00000000001011b3       0x82 binaries/getitem.o
                0x00000000001011b3                getitem
                0x00000000001011e2                getfirst
                0x0000000000101209                getlast
 .text          0x0000000000101235       0xc2 binaries/getmem.o
                0x0000000000101235                getmem
 .text          0x00000000001012f7        0xa binaries/getpid.o
                0x00000000001012f7                getpid
 .text          0x0000000000101301       0x66 binaries/getprio.o
                0x0000000000101301                getprio
 .text          0x0000000000101367       0xab binaries/getstk.o
                0x0000000000101367                getstk
 .text          0x0000000000101412       0x32 binaries/gettime.o
                0x0000000000101412                gettime
 .text          0x0000000000101444      0x198 binaries/getutime.o
                0x0000000000101444                getutime
 .text          0x00000000001015dc      0x2b5 binaries/gocreate.o
                0x00000000001015dc                gocreate
 .text          0x0000000000101891        0xe binaries/host2neta.o
                0x0000000000101891                host2neta
 .text          0x000000000010189f       0x36 binaries/increaseprio.o
                0x000000000010189f                IncreasePrio
 .text          0x00000000001018d5       0x56 binaries/init.o
                0x00000000001018d5                init
 .text          0x000000000010192b      0x36d binaries/initialize.o
                0x000000000010192b                nulluser
                0x0000000000101c4e                stop
                0x0000000000101c72                delay
 .text          0x0000000000101c98       0xa1 binaries/insert.o
                0x0000000000101c98                insert
 .text          0x0000000000101d39       0xf4 binaries/insertd.o
                0x0000000000101d39                insertd
 .text          0x0000000000101e2d       0xe9 binaries/iobound.o
                0x0000000000101e2d                iobound
 .text          0x0000000000101f16        0xa binaries/ioerr.o
                0x0000000000101f16                ioerr
 .text          0x0000000000101f20        0xa binaries/ionull.o
                0x0000000000101f20                ionull
 .text          0x0000000000101f2a      0x192 binaries/kill.o
                0x0000000000101f2a                kill
 .text          0x00000000001020bc       0xa9 binaries/kprintf.o
                0x00000000001020bc                kputc
                0x00000000001020ee                console_init
                0x0000000000102121                kgetc
                0x0000000000102147                kprintf
 .text          0x0000000000102165       0xc5 binaries/lab3q3t1.o
                0x0000000000102165                lab3q3t1
 .text          0x000000000010222a       0xc5 binaries/lab3q3t2.o
                0x000000000010222a                lab3q3t2
 .text          0x00000000001022ef        0x0 binaries/main1.o
 .text          0x00000000001022ef       0xaa binaries/main.o
                0x00000000001022ef                main
 .text          0x0000000000102399       0x99 binaries/mark.o
                0x0000000000102399                markinit
                0x00000000001023ba                mark
 .text          0x0000000000102432      0x1cc binaries/meminit.o
                0x0000000000102432                meminit
                0x000000000010258c                setsegs
 .text          0x00000000001025fe      0x122 binaries/mkbufpool.o
                0x00000000001025fe                mkbufpool
 .text          0x0000000000102720       0x82 binaries/myappandfunc.o
                0x0000000000102720                fun1
                0x0000000000102758                appl1
 .text          0x00000000001027a2       0x63 binaries/newqueue.o
                0x00000000001027a2                newqueue
 .text          0x0000000000102805       0x23 binaries/onandon.o
                0x0000000000102805                onandon
 .text          0x0000000000102828       0x5c binaries/open.o
                0x0000000000102828                open
 .text          0x0000000000102884       0x20 binaries/panic.o
                0x0000000000102884                panic
 .text          0x00000000001028a4      0x282 binaries/pci.o
                0x00000000001028a4                pci_init
                0x00000000001028ae                find_pci_device
                0x000000000010296d                pci_read_config_byte
                0x00000000001029ab                pci_read_config_word
                0x00000000001029eb                pci_read_config_dword
                0x0000000000102a29                pci_write_config_byte
                0x0000000000102a65                pci_write_config_word
                0x0000000000102aa2                pci_write_config_dword
                0x0000000000102ade                pci_get_dev_mmio_base_addr
 .text          0x0000000000102b26       0x50 binaries/platinit.o
                0x0000000000102b26                platinit
 .text          0x0000000000102b76      0x100 binaries/printprocess.o
                0x0000000000102b76                printprocess
 .text          0x0000000000102c76       0xa7 binaries/prnsegadd.o
                0x0000000000102c76                prnsegadd
 .text          0x0000000000102d1d       0xa9 binaries/ptclear.o
                0x0000000000102d1d                _ptclear
 .text          0x0000000000102dc6       0x85 binaries/ptcount.o
                0x0000000000102dc6                ptcount
 .text          0x0000000000102e4b       0xea binaries/ptcreate.o
                0x0000000000102e4b                ptcreate
 .text          0x0000000000102f35       0x63 binaries/ptdelete.o
                0x0000000000102f35                ptdelete
 .text          0x0000000000102f98       0x8b binaries/ptinit.o
                0x0000000000102f98                ptinit
 .text          0x0000000000103023       0xf5 binaries/ptrecv.o
                0x0000000000103023                ptrecv
 .text          0x0000000000103118       0x66 binaries/ptreset.o
                0x0000000000103118                ptreset
 .text          0x000000000010317e      0x115 binaries/ptsend.o
                0x000000000010317e                ptsend
 .text          0x0000000000103293       0x64 binaries/putc.o
                0x0000000000103293                putc
 .text          0x00000000001032f7       0xb3 binaries/quark_irq.o
                0x00000000001032f7                quark_irq_routing
 .text          0x00000000001033aa      0x19c binaries/quark_pdat.o
                0x00000000001033aa                get_quark_pdat_entry_data_by_id
                0x0000000000103475                get_quark_pdat_entry_data_by_desc
 .text          0x0000000000103546       0xb9 binaries/queue.o
                0x0000000000103546                enqueue
                0x00000000001035b4                dequeue
 .text          0x00000000001035ff       0x5c binaries/read.o
                0x00000000001035ff                read
 .text          0x000000000010365b       0x84 binaries/ready.o
                0x000000000010365b                ready
 .text          0x00000000001036df       0x6e binaries/receive.o
                0x00000000001036df                receive
 .text          0x000000000010374d       0x57 binaries/recvclr.o
                0x000000000010374d                recvclr
 .text          0x00000000001037a4       0xc8 binaries/recvtime.o
                0x00000000001037a4                recvtime
 .text          0x000000000010386c      0x19a binaries/resched.o
                0x000000000010386c                resched
                0x0000000000103994                resched_cntl
 .text          0x0000000000103a06       0x90 binaries/resume.o
                0x0000000000103a06                resume
 .text          0x0000000000103a96       0x59 binaries/seek.o
                0x0000000000103a96                seek
 .text          0x0000000000103aef       0x51 binaries/semcount.o
                0x0000000000103aef                semcount
 .text          0x0000000000103b40       0x8f binaries/semcreate.o
                0x0000000000103b40                semcreate
 .text          0x0000000000103bcf       0xcc binaries/semdelete.o
                0x0000000000103bcf                semdelete
 .text          0x0000000000103c9b       0xa8 binaries/semreset.o
                0x0000000000103c9b                semreset
 .text          0x0000000000103d43       0xd1 binaries/send.o
                0x0000000000103d43                send
 .text          0x0000000000103e14       0x95 binaries/signal.o
                0x0000000000103e14                signal
 .text          0x0000000000103ea9       0xba binaries/signaln.o
                0x0000000000103ea9                signaln
 .text          0x0000000000103f63       0xc9 binaries/sleep.o
                0x0000000000103f63                sleepms
                0x0000000000103ff6                sleep
 .text          0x000000000010402c       0x54 binaries/stackinfo.o
                0x000000000010402c                stackinfo
 .text          0x0000000000104080       0x4b binaries/stackoverflowA.o
                0x0000000000104080                plusone
                0x00000000001040a4                stackoverflowA
 .text          0x00000000001040cb       0x52 binaries/stackoverflowB.o
                0x00000000001040cb                stackoverflowB
 .text          0x000000000010411d       0xd3 binaries/suspend.o
                0x000000000010411d                suspend
 .text          0x00000000001041f0       0x5d binaries/test2.o
                0x00000000001041f0                test2
 .text          0x000000000010424d       0x73 binaries/test.o
                0x000000000010424d                test
 .text          0x00000000001042c0       0x9a binaries/unsleep.o
                0x00000000001042c0                unsleep
 .text          0x000000000010435a       0x19 binaries/userret.o
                0x000000000010435a                userret
 .text          0x0000000000104373       0xb7 binaries/wait.o
                0x0000000000104373                wait
 .text          0x000000000010442a       0x71 binaries/wakeup.o
                0x000000000010442a                wakeup
 .text          0x000000000010449b       0x5c binaries/write.o
                0x000000000010449b                write
 .text          0x00000000001044f7       0x1a binaries/xdone.o
                0x00000000001044f7                xdone
 .text          0x0000000000104511       0x5c binaries/xts_dequeue.o
                0x0000000000104511                xts_dequeue
 .text          0x000000000010456d       0x86 binaries/xts_enqueue.o
                0x000000000010456d                xts_enqueue
 .text          0x00000000001045f3       0x3e binaries/xts_priochk.o
                0x00000000001045f3                xts_priochk
 .text          0x0000000000104631       0x26 binaries/yield.o
                0x0000000000104631                yield
 .text          0x0000000000104657       0x11 binaries/abs.o
                0x0000000000104657                abs
 .text          0x0000000000104668       0x80 binaries/atoi.o
                0x0000000000104668                atoi
 .text          0x00000000001046e8       0x80 binaries/atol.o
                0x00000000001046e8                atol
 .text          0x0000000000104768       0x1a binaries/bzero.o
                0x0000000000104768                bzero
 .text          0x0000000000104782        0x0 binaries/ctype_.o
 .text          0x0000000000104782      0x6ad binaries/doprnt.o
                0x00000000001048d5                _doprnt
 .text          0x0000000000104e2f      0x5e5 binaries/doscan.o
                0x0000000000104e2f                _doscan
 .text          0x0000000000105414      0x64e binaries/fdoprnt.o
                0x0000000000105499                _fdoprnt
 .text          0x0000000000105a62       0x1c binaries/fgetc.o
                0x0000000000105a62                fgetc
 .text          0x0000000000105a7e       0x5b binaries/fgets.o
                0x0000000000105a7e                fgets
 .text          0x0000000000105ad9       0x21 binaries/fprintf.o
                0x0000000000105ad9                fprintf
 .text          0x0000000000105afa       0x27 binaries/fputc.o
                0x0000000000105afa                fputc
 .text          0x0000000000105b21       0x3a binaries/fputs.o
                0x0000000000105b21                fputs
 .text          0x0000000000105b5b       0x6a binaries/fscanf.o
                0x0000000000105b99                fscanf
 .text          0x0000000000105bc5       0x26 binaries/getchar.o
                0x0000000000105bc5                getchar
 .text          0x0000000000105beb       0x11 binaries/labs.o
                0x0000000000105beb                labs
 .text          0x0000000000105bfc       0x36 binaries/memchr.o
                0x0000000000105bfc                memchr
 .text          0x0000000000105c32       0x4a binaries/memcmp.o
                0x0000000000105c32                memcmp
 .text          0x0000000000105c7c       0x26 binaries/memcpy.o
                0x0000000000105c7c                memcpy
 .text          0x0000000000105ca2       0x1f binaries/memset.o
                0x0000000000105ca2                memset
 .text          0x0000000000105cc1       0x37 binaries/printf.o
                0x0000000000105cc1                printf
 .text          0x0000000000105cf8       0x29 binaries/putchar.o
                0x0000000000105cf8                putchar
 .text          0x0000000000105d21      0x1d0 binaries/qsort.o
                0x0000000000105ec9                qsort
 .text          0x0000000000105ef1       0x4c binaries/rand.o
                0x0000000000105ef1                srand
                0x0000000000105efe                rand
 .text          0x0000000000105f3d       0x48 binaries/sprintf.o
                0x0000000000105f56                sprintf
 .text          0x0000000000105f85       0x5a binaries/sscanf.o
                0x0000000000105fb5                sscanf
 .text          0x0000000000105fdf       0x2f binaries/strchr.o
                0x0000000000105fdf                strchr
 .text          0x000000000010600e       0x45 binaries/strcmp.o
                0x000000000010600e                strcmp
 .text          0x0000000000106053       0x1c binaries/strcpy.o
                0x0000000000106053                strcpy
 .text          0x000000000010606f       0x20 binaries/strlen.o
                0x000000000010606f                strlen
 .text          0x000000000010608f       0x3d binaries/strncat.o
                0x000000000010608f                strncat
 .text          0x00000000001060cc       0x3b binaries/strncmp.o
                0x00000000001060cc                strncmp
 .text          0x0000000000106107       0x59 binaries/strncpy.o
                0x0000000000106107                strncpy
 .text          0x0000000000106160       0x38 binaries/strnlen.o
                0x0000000000106160                strnlen
 .text          0x0000000000106198       0x32 binaries/strrchr.o
                0x0000000000106198                strrchr
 .text          0x00000000001061ca       0x68 binaries/strstr.o
                0x00000000001061ca                strstr
 .text          0x0000000000106232      0x112 binaries/ttycontrol.o
                0x0000000000106232                ttycontrol
 .text          0x0000000000106344       0xb0 binaries/ttygetc.o
                0x0000000000106344                ttygetc
 .text          0x00000000001063f4      0x4aa binaries/ttyhandle_in.o
                0x00000000001064b8                ttyhandle_in
 .text          0x000000000010689e      0x158 binaries/ttyhandle_out.o
                0x000000000010689e                ttyhandle_out
 .text          0x00000000001069f6       0x85 binaries/ttyhandler.o
                0x00000000001069f6                ttyhandler
 .text          0x0000000000106a7b      0x15d binaries/ttyinit.o
                0x0000000000106a7b                ttyinit
 .text          0x0000000000106bd8        0xf binaries/ttykickout.o
                0x0000000000106bd8                ttykickout
 .text          0x0000000000106be7       0xb2 binaries/ttyputc.o
                0x0000000000106be7                ttyputc
 .text          0x0000000000106c99       0xfd binaries/ttyread.o
                0x0000000000106c99                ttyread
 .text          0x0000000000106d96       0x4d binaries/ttywrite.o
                0x0000000000106d96                ttywrite
 .text          0x0000000000106de3      0x129 binaries/mount.o
                0x0000000000106de3                namlen
                0x0000000000106e1f                mount
 .text          0x0000000000106f0c      0x1c4 binaries/naminit.o
                0x0000000000106f0c                naminit
 .text          0x00000000001070d0      0x1fe binaries/nammap.o
                0x00000000001070d0                namrepl
                0x00000000001071f3                namcpy
                0x0000000000107241                nammap
 .text          0x00000000001072ce       0x44 binaries/namopen.o
                0x00000000001072ce                namopen
 .text          0x0000000000107312       0xd8 binaries/colon2mac.o
                0x0000000000107312                colon2mac
 .text          0x00000000001073ea       0x7d binaries/ethcontrol.o
                0x00000000001073ea                ethcontrol
 .text          0x0000000000107467      0x16e binaries/ethhandler.o
                0x0000000000107467                ethhandler
 .text          0x00000000001075d5      0x51d binaries/ethinit.o
                0x00000000001075d5                eth_phy_read
                0x0000000000107615                eth_phy_write
                0x0000000000107656                eth_phy_reset
                0x0000000000107730                ethinit
 .text          0x0000000000107af2       0xef binaries/ethmcast.o
                0x0000000000107af2                ethmcast_add
                0x0000000000107b3e                ethmcast_remove
 .text          0x0000000000107be1      0x14c binaries/ethread.o
                0x0000000000107be1                ethread
 .text          0x0000000000107d2d       0xc1 binaries/ethwrite.o
                0x0000000000107d2d                ethwrite
 .text          0x0000000000107dee       0x68 binaries/rdsbufalloc.o
                0x0000000000107dee                rdsbufalloc
 .text          0x0000000000107e56       0xce binaries/rdsclose.o
                0x0000000000107e56                rdsclose
 .text          0x0000000000107f24      0x1e3 binaries/rdscomm.o
                0x0000000000107f24                rdscomm
 .text          0x0000000000108107      0x1c4 binaries/rdscontrol.o
                0x0000000000108107                rdscontrol
 .text          0x00000000001082cb      0x1e0 binaries/rdsinit.o
                0x00000000001082cb                rdsinit
 .text          0x00000000001084ab      0x199 binaries/rdsopen.o
                0x00000000001084ab                rdsopen
 .text          0x0000000000108644      0x2b7 binaries/rdsprocess.o
                0x0000000000108644                rdsprocess
 .text          0x00000000001088fb      0x1d8 binaries/rdsread.o
                0x00000000001088fb                rdsread
 .text          0x0000000000108ad3      0x1ae binaries/rdswrite.o
                0x0000000000108ad3                rdswrite
 .text          0x0000000000108c81        0xa binaries/ramclose.o
                0x0000000000108c81                ramclose
 .text          0x0000000000108c8b       0x35 binaries/raminit.o
                0x0000000000108c8b                raminit
 .text          0x0000000000108cc0        0xa binaries/ramopen.o
                0x0000000000108cc0                ramopen
 .text          0x0000000000108cca       0x26 binaries/ramread.o
                0x0000000000108cca                ramread
 .text          0x0000000000108cf0       0x26 binaries/ramwrite.o
                0x0000000000108cf0                ramwrite
 .text          0x0000000000108d16       0x87 binaries/lfdballoc.o
                0x0000000000108d16                lfdballoc
 .text          0x0000000000108d9d       0x49 binaries/lfdbfree.o
                0x0000000000108d9d                lfdbfree
 .text          0x0000000000108de6       0xa1 binaries/lfflush.o
                0x0000000000108de6                lfflush
 .text          0x0000000000108e87       0x82 binaries/lfgetmode.o
                0x0000000000108e87                lfgetmode
 .text          0x0000000000108f09       0x60 binaries/lfiballoc.o
                0x0000000000108f09                lfiballoc
 .text          0x0000000000108f69       0x27 binaries/lfibclear.o
                0x0000000000108f69                lfibclear
 .text          0x0000000000108f90       0x6c binaries/lfibget.o
                0x0000000000108f90                lfibget
 .text          0x0000000000108ffc       0x88 binaries/lfibput.o
                0x0000000000108ffc                lfibput
 .text          0x0000000000109084       0xa4 binaries/lflclose.o
                0x0000000000109084                lflclose
 .text          0x0000000000109128       0xc2 binaries/lflcontrol.o
                0x0000000000109128                lflcontrol
 .text          0x00000000001091ea       0xfb binaries/lflgetc.o
                0x00000000001091ea                lflgetc
 .text          0x00000000001092e5       0xe7 binaries/lflinit.o
                0x00000000001092e5                lflinit
 .text          0x00000000001093cc      0x125 binaries/lflputc.o
                0x00000000001093cc                lflputc
 .text          0x00000000001094f1       0x6b binaries/lflread.o
                0x00000000001094f1                lflread
 .text          0x000000000010955c       0xbd binaries/lflseek.o
                0x000000000010955c                lflseek
 .text          0x0000000000109619       0x52 binaries/lflwrite.o
                0x0000000000109619                lflwrite
 .text          0x000000000010966b      0x114 binaries/lfsckfmt.o
                0x000000000010966b                lfsckfmt
 .text          0x000000000010977f      0x1e6 binaries/lfscreate.o
                0x000000000010977f                lfscreate
 .text          0x0000000000109965      0x1b1 binaries/lfsetup.o
                0x0000000000109965                lfsetup
 .text          0x0000000000109b16       0x45 binaries/lfsinit.o
                0x0000000000109b16                lfsinit
 .text          0x0000000000109b5b      0x2fe binaries/lfsopen.o
                0x0000000000109b5b                lfsopen
 .text          0x0000000000109e59      0x112 binaries/lftruncate.o
                0x0000000000109e59                lftruncate
 .text          0x0000000000109f6b       0x69 binaries/rflclose.o
                0x0000000000109f6b                rflclose
 .text          0x0000000000109fd4       0x29 binaries/rflgetc.o
                0x0000000000109fd4                rflgetc
 .text          0x0000000000109ffd       0x6c binaries/rflinit.o
                0x0000000000109ffd                rflinit
 .text          0x000000000010a069       0x29 binaries/rflputc.o
                0x000000000010a069                rflputc
 .text          0x000000000010a092      0x2ba binaries/rflread.o
                0x000000000010a092                rflread
 .text          0x000000000010a34c       0x68 binaries/rflseek.o
                0x000000000010a34c                rflseek
 .text          0x000000000010a3b4      0x2fa binaries/rflwrite.o
                0x000000000010a3b4                rflwrite
 .text          0x000000000010a6ae      0x17c binaries/rfscomm.o
                0x000000000010a6ae                rfscomm
 .text          0x000000000010a82a      0x22b binaries/rfscontrol.o
                0x000000000010a82a                rfscontrol
 .text          0x000000000010aa55       0x82 binaries/rfsgetmode.o
                0x000000000010aa55                rfsgetmode
 .text          0x000000000010aad7       0x7e binaries/rfsinit.o
                0x000000000010aad7                rfsinit
 .text          0x000000000010ab55       0xad binaries/rfsndmsg.o
                0x000000000010ab55                rfsndmsg
 .text          0x000000000010ac02      0x243 binaries/rfsopen.o
                0x000000000010ac02                rfsopen
 .text          0x000000000010ae45      0x626 binaries/arp.o
                0x000000000010ae45                arp_init
                0x000000000010ae61                arp_alloc
                0x000000000010af08                arp_ntoh
                0x000000000010af75                arp_hton
                0x000000000010afe2                arp_resolve
                0x000000000010b233                arp_in
 .text          0x000000000010b46b      0x5e3 binaries/dhcp.o
                0x000000000010b46b                dhcp_get_opt_val
                0x000000000010b4bf                dhcp_bld_bootp_msg
                0x000000000010b591                dhcp_bld_disc
                0x000000000010b5e3                dhcp_bld_req
                0x000000000010b67e                getlocalip
 .text          0x000000000010ba4e       0xdf binaries/dot2ip.o
                0x000000000010ba4e                dot2ip
 .text          0x000000000010bb2d      0x38c binaries/hexdump.o
                0x000000000010bb2d                hexdump
                0x000000000010bc87                hexadump
 .text          0x000000000010beb9      0x6eb binaries/icmp.o
                0x000000000010beb9                icmp_init
                0x000000000010bed5                icmp_register
                0x000000000010bf93                icmp_recv
                0x000000000010c136                icmp_mkpkt
                0x000000000010c203                icmp_in
                0x000000000010c39b                icmp_send
                0x000000000010c40a                icmp_release
                0x000000000010c51c                icmp_cksum
                0x000000000010c576                icmp_hton
                0x000000000010c58d                icmp_ntoh
 .text          0x000000000010c5a4      0x5dc binaries/ip.o
                0x000000000010c5a4                ip_local
                0x000000000010c5e4                ipcksum
                0x000000000010c634                ip_ntoh
                0x000000000010c6a1                ip_in
                0x000000000010c7c6                ip_hton
                0x000000000010c833                ip_out
                0x000000000010c8e9                ip_send
                0x000000000010c9f5                ipout
                0x000000000010cae8                ip_enqueue
 .text          0x000000000010cb80      0x1b2 binaries/net.o
                0x000000000010cb80                net_init
                0x000000000010cc77                eth_hton
                0x000000000010cc84                eth_ntoh
                0x000000000010cc91                netin
 .text          0x000000000010cd32       0xb9 binaries/netstart.o
                0x000000000010cd32                netstart
 .text          0x000000000010cdeb      0xa30 binaries/pdump.o
                0x000000000010cdeb                pdump
                0x000000000010d3d0                pdumph
 .text          0x000000000010d81b      0x5c4 binaries/tftp.o
                0x000000000010d81b                tftp_send1
                0x000000000010d92f                tftpget_mb
                0x000000000010ddbc                tftpget
 .text          0x000000000010dddf      0xa10 binaries/udp.o
                0x000000000010dddf                udp_init
                0x000000000010de20                udp_in
                0x000000000010df49                udp_register
                0x000000000010e05a                udp_recv
                0x000000000010e1f4                udp_recvaddr
                0x000000000010e3a2                udp_send
                0x000000000010e550                udp_sendto
                0x000000000010e6b9                udp_release
                0x000000000010e7c1                udp_ntoh
                0x000000000010e7d8                udp_hton
 .text          0x000000000010e7ef      0x11f binaries/addargs.o
                0x000000000010e7ef                addargs
 .text          0x000000000010e90e      0x138 binaries/lab1cmd2.o
                0x000000000010e90e                lab1cmd2
 .text          0x000000000010ea46      0x139 binaries/lab1cmd3.o
                0x000000000010ea46                lab1cmd3
 .text          0x000000000010eb7f      0x13f binaries/lab1cmd4.o
                0x000000000010eb7f                lab1cmd4
 .text          0x000000000010ecbe      0x137 binaries/lab1cmd.o
                0x000000000010ecbe                lab1cmd
 .text          0x000000000010edf5      0x1db binaries/lexan.o
                0x000000000010edf5                lexan
 .text          0x000000000010efd0      0x646 binaries/shell.o
                0x000000000010efd0                shell
 .text          0x000000000010f616       0x59 binaries/xsh_argecho.o
                0x000000000010f616                xsh_argecho
 .text          0x000000000010f66f      0x1fb binaries/xsh_arp.o
                0x000000000010f66f                xsh_arp
 .text          0x000000000010f86a      0x214 binaries/xsh_cat.o
                0x000000000010f86a                xsh_cat
 .text          0x000000000010fa7e       0x58 binaries/xsh_clear.o
                0x000000000010fa7e                xsh_clear
 .text          0x000000000010fad6      0x28d binaries/xsh_date.o
                0x000000000010fad6                xsh_date
 .text          0x000000000010fd63       0x89 binaries/xsh_devdump.o
                0x000000000010fd63                xsh_devdump
 .text          0x000000000010fdec       0x63 binaries/xsh_echo.o
                0x000000000010fdec                xsh_echo
 .text          0x000000000010fe4f        0xa binaries/xsh_exit.o
                0x000000000010fe4f                xsh_exit
 .text          0x000000000010fe59      0x331 binaries/xsh_help.o
                0x000000000010fe59                xsh_help
 .text          0x000000000011018a      0x38b binaries/xsh_ipaddr.o
                0x000000000011018a                xsh_ipaddr
 .text          0x0000000000110515      0x1de binaries/xsh_kill.o
                0x0000000000110515                xsh_kill
 .text          0x00000000001106f3      0x3f6 binaries/xsh_memdump.o
                0x00000000001107b9                xsh_memdump
 .text          0x0000000000110ae9      0x1de binaries/xsh_memstat.o
                0x0000000000110ae9                xsh_memstat
 .text          0x0000000000110cc7      0x2c7 binaries/xsh_ping.o
                0x0000000000110cc7                xsh_ping
 .text          0x0000000000110f8e      0x1ae binaries/xsh_ps.o
                0x0000000000110f8e                xsh_ps
 .text          0x000000000011113c      0x1d3 binaries/xsh_sleep.o
                0x000000000011113c                xsh_sleep
 .text          0x000000000011130f      0x1d6 binaries/xsh_udpdump.o
                0x000000000011130f                xsh_udpdump
 .text          0x00000000001114e5      0x40a binaries/xsh_udpecho.o
                0x00000000001114e5                xsh_udpecho
 .text          0x00000000001118ef      0x232 binaries/xsh_udpeserver.o
                0x00000000001118ef                xsh_udpeserver
 .text          0x0000000000111b21      0x1c2 binaries/xsh_uptime.o
                0x0000000000111b21                xsh_uptime
 .text          0x0000000000111ce3        0xe binaries/clkdisp.o
                0x0000000000111ce3                clkdisp
 .text          0x0000000000111cf1       0x19 binaries/ctxsw.o
                0x0000000000111cf1                ctxsw
 .text          0x0000000000111d0a       0x41 binaries/host2netca.o
                0x0000000000111d0a                host2netca
 .text          0x0000000000111d4b        0xa binaries/host2net.o
                0x0000000000111d4b                host2net
 .text          0x0000000000111d55      0x368 binaries/intr.o
                0x0000000000111d55                disable
                0x0000000000111d5e                restore
                0x0000000000111d6c                enable
                0x0000000000111d6e                pause
                0x0000000000111d75                halt
                0x0000000000111d78                spurious_irq7
                0x0000000000111d7d                spurious_irq15
                0x0000000000111d8c                _Xint0
                0x0000000000111d97                _Xint1
                0x0000000000111da2                _Xint2
                0x0000000000111dad                _Xint3
                0x0000000000111db8                _Xint4
                0x0000000000111dc3                _Xint5
                0x0000000000111dce                _Xint6
                0x0000000000111dd9                _Xint7
                0x0000000000111de4                _Xint8
                0x0000000000111def                _Xint9
                0x0000000000111dfa                _Xint10
                0x0000000000111e05                _Xint11
                0x0000000000111e13                _Xint12
                0x0000000000111e21                _Xint13
                0x0000000000111e2f                _Xint14
                0x0000000000111e3d                _Xint15
                0x0000000000111e4b                _Xint16
                0x0000000000111e59                _Xint17
                0x0000000000111e67                _Xint18
                0x0000000000111e75                _Xint19
                0x0000000000111e83                _Xint20
                0x0000000000111e91                _Xint21
                0x0000000000111e9f                _Xint22
                0x0000000000111ead                _Xint23
                0x0000000000111ebb                _Xint24
                0x0000000000111ec9                _Xint25
                0x0000000000111ed7                _Xint26
                0x0000000000111ee5                _Xint27
                0x0000000000111ef3                _Xint28
                0x0000000000111f01                _Xint29
                0x0000000000111f0f                _Xint30
                0x0000000000111f1d                _Xint31
                0x0000000000111f2b                _Xint32
                0x0000000000111f39                _Xint33
                0x0000000000111f47                _Xint34
                0x0000000000111f55                _Xint35
                0x0000000000111f63                _Xint36
                0x0000000000111f71                _Xint37
                0x0000000000111f7f                _Xint38
                0x0000000000111f8d                _Xint39
                0x0000000000111f9b                _Xint40
                0x0000000000111fa9                _Xint41
                0x0000000000111fb7                _Xint42
                0x0000000000111fc5                _Xint43
                0x0000000000111fd3                _Xint44
                0x0000000000111fe1                _Xint45
                0x0000000000111fef                _Xint46
                0x0000000000111ffd                defevec
 .text          0x00000000001120bd        0xf binaries/ttydispatch.o
                0x00000000001120bd                ttydispatch
 .text          0x00000000001120cc       0x13 binaries/ethdispatch.o
                0x00000000001120cc                ethdispatch
 *(.rodata .rodata.*)
 .rodata.str1.1
                0x00000000001120df       0x54 binaries/ascdate.o
 *fill*         0x0000000000112133        0x1 
 .rodata.str1.4
                0x0000000000112134       0x22 binaries/ascdate.o
 .rodata.str1.1
                0x0000000000112156       0x5f binaries/conf.o
 *fill*         0x00000000001121b5        0x3 
 .rodata.str1.4
                0x00000000001121b8       0x7d binaries/cpubound.o
 *fill*         0x0000000000112235        0x3 
 .rodata.str1.4
                0x0000000000112238       0x4f binaries/early_imr.o
 *fill*         0x0000000000112287        0x1 
 .rodata        0x0000000000112288       0x33 binaries/early_imr.o
 .rodata.str1.1
                0x00000000001122bb      0x20c binaries/evec.o
 *fill*         0x00000000001124c7        0x1 
 .rodata.str1.4
                0x00000000001124c8       0x23 binaries/evec.o
 .rodata.str1.1
                0x00000000001124eb        0xb binaries/getutime.o
 *fill*         0x00000000001124f6        0x2 
 .rodata.str1.4
                0x00000000001124f8       0x54 binaries/getutime.o
 .rodata.str1.1
                0x000000000011254c       0x78 binaries/initialize.o
                                         0x7c (size before relaxing)
 .rodata.str1.4
                0x00000000001125c4       0xd4 binaries/initialize.o
 .rodata.str1.4
                0x0000000000112698       0x74 binaries/iobound.o
 .rodata        0x000000000011270c       0x20 binaries/kill.o
 .rodata.str1.4
                0x000000000011272c       0x88 binaries/lab3q3t1.o
 .rodata.str1.1
                0x00000000001127b4       0x31 binaries/lab3q3t1.o
 .rodata.str1.1
                0x00000000001127e5       0x5f binaries/lab3q3t2.o
 .rodata.str1.1
                0x0000000000112844       0x1f binaries/main.o
                                         0x22 (size before relaxing)
 *fill*         0x0000000000112863        0x1 
 .rodata.str1.4
                0x0000000000112864       0x22 binaries/main.o
 *fill*         0x0000000000112886        0x2 
 .rodata.str1.4
                0x0000000000112888       0x23 binaries/meminit.o
 .rodata.str1.1
                0x00000000001128ab       0x1b binaries/meminit.o
 *fill*         0x00000000001128c6        0x2 
 .rodata.str1.4
                0x00000000001128c8       0xb2 binaries/myappandfunc.o
 .rodata.str1.1
                0x000000000011297a       0x36 binaries/myappandfunc.o
 .rodata.str1.1
                0x00000000001129b0        0xf binaries/panic.o
 *fill*         0x00000000001129bf        0x1 
 .rodata.str1.4
                0x00000000001129c0       0xd8 binaries/printprocess.o
 .rodata.str1.1
                0x0000000000112a98       0x7f binaries/printprocess.o
                                         0x9e (size before relaxing)
 *fill*         0x0000000000112b17        0x9 
 .rodata        0x0000000000112b20       0x24 binaries/printprocess.o
 .rodata.str1.4
                0x0000000000112b44       0x97 binaries/prnsegadd.o
 .rodata.str1.1
                0x0000000000112bdb       0x65 binaries/prnsegadd.o
 .rodata.str1.1
                0x0000000000112c40       0x1c binaries/ptinit.o
 .rodata.str1.4
                0x0000000000112c5c       0x25 binaries/ptsend.o
 .rodata.str1.1
                0x0000000000112c81       0x22 binaries/quark_pdat.o
 .rodata.str1.1
                0x0000000000112ca3        0xe binaries/ready.o
 *fill*         0x0000000000112cb1        0x3 
 .rodata.str1.4
                0x0000000000112cb4       0x6d binaries/stackinfo.o
 .rodata.str1.1
                0x0000000000112d21        0xe binaries/stackinfo.o
                                          0x2 (size before relaxing)
 .rodata.str1.1
                0x0000000000112d21       0x1d binaries/stackoverflowA.o
 *fill*         0x0000000000112d3e        0x2 
 .rodata.str1.4
                0x0000000000112d40       0x47 binaries/stackoverflowB.o
 *fill*         0x0000000000112d87        0x1 
 .rodata.str1.4
                0x0000000000112d88       0x31 binaries/test2.o
 .rodata.str1.4
                0x0000000000112db9       0x31 binaries/test.o
 *fill*         0x0000000000112db9        0x3 
 .rodata.str1.4
                0x0000000000112dbc       0x27 binaries/xdone.o
 *fill*         0x0000000000112de3       0x1d 
 .rodata        0x0000000000112e00       0x81 binaries/ctype_.o
                0x0000000000112e00                _ctype_
 .rodata.str1.1
                0x0000000000112e81       0x29 binaries/doprnt.o
 *fill*         0x0000000000112eaa        0x2 
 .rodata        0x0000000000112eac       0xc4 binaries/doprnt.o
 .rodata        0x0000000000112f70       0x98 binaries/doscan.o
 .rodata.str1.1
                0x0000000000113008       0x29 binaries/fdoprnt.o
 .rodata        0x0000000000113008       0x84 binaries/fdoprnt.o
 .rodata        0x000000000011308c       0x20 binaries/ttycontrol.o
 .rodata.str1.4
                0x00000000001130ac       0x4c binaries/naminit.o
 .rodata.str1.1
                0x00000000001130f8       0x32 binaries/naminit.o
                                         0x35 (size before relaxing)
 .rodata.str1.1
                0x000000000011312a       0x15 binaries/ethinit.o
 *fill*         0x000000000011313f        0x1 
 .rodata.str1.4
                0x0000000000113140       0x2e binaries/ethinit.o
 *fill*         0x000000000011316e        0x2 
 .rodata.str1.4
                0x0000000000113170       0x2c binaries/rdsbufalloc.o
 .rodata.str1.4
                0x000000000011319c       0x76 binaries/rdscomm.o
 *fill*         0x0000000000113212        0x2 
 .rodata.str1.4
                0x0000000000113214       0x48 binaries/rdscontrol.o
 .rodata.str1.4
                0x000000000011325c       0x7e binaries/rdsinit.o
 .rodata.str1.1
                0x00000000001132da       0x18 binaries/rdsinit.o
 *fill*         0x00000000001132f2        0x2 
 .rodata.str1.4
                0x00000000001132f4       0x22 binaries/rdsopen.o
 *fill*         0x0000000000113316        0x2 
 .rodata.str1.4
                0x0000000000113318       0x4d binaries/rdsprocess.o
 .rodata.str1.1
                0x0000000000113365        0x9 binaries/raminit.o
 .rodata.str1.1
                0x000000000011336e       0x13 binaries/lfdballoc.o
 *fill*         0x0000000000113381        0x3 
 .rodata.str1.4
                0x0000000000113384       0x23 binaries/lfdballoc.o
 .rodata.str1.1
                0x00000000001133a7       0x14 binaries/lfiballoc.o
 *fill*         0x00000000001133bb        0x1 
 .rodata.str1.4
                0x00000000001133bc       0x23 binaries/lflcontrol.o
 .rodata.str1.1
                0x00000000001133df       0x64 binaries/lfsckfmt.o
 *fill*         0x0000000000113443        0x1 
 .rodata.str1.4
                0x0000000000113444       0x51 binaries/lfsckfmt.o
 *fill*         0x0000000000113495        0x3 
 .rodata.str1.4
                0x0000000000113498       0x21 binaries/rflread.o
 .rodata.str1.4
                0x00000000001134b9       0x21 binaries/rflwrite.o
 *fill*         0x00000000001134b9        0x3 
 .rodata.str1.4
                0x00000000001134bc       0x75 binaries/rfscomm.o
 *fill*         0x0000000000113531        0x3 
 .rodata.str1.4
                0x0000000000113534       0x23 binaries/rfscontrol.o
 *fill*         0x0000000000113557        0x1 
 .rodata        0x0000000000113558       0x18 binaries/rfscontrol.o
 .rodata.str1.1
                0x0000000000113570       0x10 binaries/rfsinit.o
 .rodata.str1.4
                0x0000000000113570       0x57 binaries/rfsinit.o
 *fill*         0x00000000001135c7        0x1 
 .rodata.str1.4
                0x00000000001135c8       0x2a binaries/rfsndmsg.o
 .rodata.str1.4
                0x00000000001135f2       0x22 binaries/rfsopen.o
 .rodata.str1.1
                0x00000000001135f2       0x19 binaries/arp.o
 *fill*         0x000000000011360b        0x1 
 .rodata.str1.4
                0x000000000011360c       0x21 binaries/arp.o
 *fill*         0x000000000011362d        0x3 
 .rodata.str1.4
                0x0000000000113630       0xa6 binaries/dhcp.o
 .rodata.str1.1
                0x00000000001136d6       0x4a binaries/dhcp.o
 .rodata.str1.1
                0x0000000000113720       0x5a binaries/hexdump.o
                                         0x61 (size before relaxing)
 *fill*         0x000000000011377a        0x2 
 .rodata.str1.4
                0x000000000011377c       0x67 binaries/hexdump.o
 *fill*         0x00000000001137e3        0x1 
 .rodata.str1.4
                0x00000000001137e4       0x29 binaries/icmp.o
 .rodata.str1.1
                0x000000000011380d       0x4e binaries/ip.o
 *fill*         0x000000000011385b        0x1 
 .rodata.str1.4
                0x000000000011385c       0x20 binaries/ip.o
 .rodata.str1.4
                0x000000000011387c       0x28 binaries/net.o
 .rodata.str1.1
                0x00000000001138a4       0x27 binaries/net.o
 *fill*         0x00000000001138cb        0x1 
 .rodata.str1.4
                0x00000000001138cc       0xcf binaries/netstart.o
 .rodata.str1.1
                0x000000000011399b      0x141 binaries/pdump.o
                                        0x14b (size before relaxing)
 .rodata.str1.4
                0x0000000000113adc      0x126 binaries/pdump.o
 *fill*         0x0000000000113c02        0x2 
 .rodata.str1.4
                0x0000000000113c04      0x148 binaries/tftp.o
 .rodata.str1.1
                0x0000000000113d4c        0x6 binaries/tftp.o
                                          0xa (size before relaxing)
 *fill*         0x0000000000113d52        0x2 
 .rodata.str1.4
                0x0000000000113d54       0x6f binaries/lab1cmd2.o
 .rodata.str1.1
                0x0000000000113dc3        0xe binaries/lab1cmd2.o
 *fill*         0x0000000000113dd1        0x3 
 .rodata.str1.4
                0x0000000000113dd4       0x1f binaries/lab1cmd3.o
                                         0x6f (size before relaxing)
 .rodata.str1.1
                0x0000000000113df3        0xe binaries/lab1cmd3.o
 *fill*         0x0000000000113e01        0x3 
 .rodata.str1.4
                0x0000000000113e04       0x21 binaries/lab1cmd4.o
                                         0x73 (size before relaxing)
 .rodata.str1.1
                0x0000000000113e25        0xe binaries/lab1cmd4.o
 .rodata.str1.1
                0x0000000000113e33       0x2b binaries/lab1cmd.o
 .rodata.str1.4
                0x0000000000113e5e       0x4f binaries/lab1cmd.o
 .rodata.str1.1
                0x0000000000113e5e       0xf5 binaries/shell.o
                                        0x117 (size before relaxing)
 *fill*         0x0000000000113f53        0x1 
 .rodata.str1.4
                0x0000000000113f54      0x1c4 binaries/shell.o
 *fill*         0x0000000000114118        0x8 
 .rodata        0x0000000000114120      0x12c binaries/shell.o
                0x0000000000114120                cmdtab
 .rodata.str1.1
                0x000000000011424c       0x26 binaries/xsh_argecho.o
                                         0x28 (size before relaxing)
 .rodata.str1.1
                0x0000000000114272       0x70 binaries/xsh_arp.o
                                         0x72 (size before relaxing)
 *fill*         0x00000000001142e2        0x2 
 .rodata.str1.4
                0x00000000001142e4       0xb4 binaries/xsh_arp.o
 .rodata.str1.1
                0x0000000000114398       0x2d binaries/xsh_cat.o
                                         0x4f (size before relaxing)
 *fill*         0x00000000001143c5        0x3 
 .rodata.str1.4
                0x00000000001143c8       0x52 binaries/xsh_cat.o
                                         0x79 (size before relaxing)
 .rodata.str1.1
                0x000000000011441a       0x15 binaries/xsh_clear.o
 .rodata.str1.1
                0x000000000011442f       0x46 binaries/xsh_date.o
                                         0x5f (size before relaxing)
 *fill*         0x0000000000114475        0x3 
 .rodata.str1.4
                0x0000000000114478      0x163 binaries/xsh_date.o
 .rodata.str1.1
                0x00000000001145db       0x5d binaries/xsh_devdump.o
 .rodata.str1.1
                0x0000000000114638        0x4 binaries/xsh_echo.o
                                          0x9 (size before relaxing)
 .rodata.str1.1
                0x000000000011463c       0x65 binaries/xsh_help.o
                                         0xa3 (size before relaxing)
 *fill*         0x00000000001146a1        0x3 
 .rodata.str1.4
                0x00000000001146a4       0x7c binaries/xsh_help.o
                                         0xc6 (size before relaxing)
 .rodata.str1.1
                0x0000000000114720       0x9c binaries/xsh_ipaddr.o
                                         0xf8 (size before relaxing)
 .rodata.str1.4
                0x00000000001147bc       0x4d binaries/xsh_ipaddr.o
                                         0x99 (size before relaxing)
 .rodata.str1.1
                0x0000000000114809       0x78 binaries/xsh_kill.o
                                         0x97 (size before relaxing)
 *fill*         0x0000000000114881        0x3 
 .rodata.str1.4
                0x0000000000114884       0x4a binaries/xsh_kill.o
                                         0x96 (size before relaxing)
 .rodata.str1.1
                0x00000000001148ce       0x84 binaries/xsh_memdump.o
                                         0xa8 (size before relaxing)
 *fill*         0x0000000000114952        0x2 
 .rodata.str1.4
                0x0000000000114954      0x15a binaries/xsh_memdump.o
                                        0x1aa (size before relaxing)
 .rodata.str1.1
                0x0000000000114aae       0x40 binaries/xsh_memstat.o
                                         0x79 (size before relaxing)
 *fill*         0x0000000000114aee        0x2 
 .rodata.str1.4
                0x0000000000114af0      0x187 binaries/xsh_memstat.o
                                        0x1af (size before relaxing)
 .rodata.str1.1
                0x0000000000114c77       0x90 binaries/xsh_ping.o
                                         0xaf (size before relaxing)
 *fill*         0x0000000000114d07        0x1 
 .rodata.str1.4
                0x0000000000114d08       0x77 binaries/xsh_ping.o
                                         0xc6 (size before relaxing)
 .rodata.str1.1
                0x0000000000114d7f       0xd5 binaries/xsh_ps.o
 *fill*         0x0000000000114d7f        0x1 
 .rodata.str1.4
                0x0000000000114d80       0x80 binaries/xsh_ps.o
                                         0xd0 (size before relaxing)
 .rodata        0x0000000000114e00       0x20 binaries/xsh_ps.o
 .rodata.str1.1
                0x0000000000114e20       0x31 binaries/xsh_sleep.o
                                         0x72 (size before relaxing)
 *fill*         0x0000000000114e51        0x3 
 .rodata.str1.4
                0x0000000000114e54       0x2a binaries/xsh_sleep.o
                                         0x7a (size before relaxing)
 .rodata.str1.1
                0x0000000000114e7e       0x6b binaries/xsh_udpdump.o
                                         0xd2 (size before relaxing)
 *fill*         0x0000000000114ee9        0x3 
 .rodata.str1.4
                0x0000000000114eec       0x94 binaries/xsh_udpdump.o
                                         0xe4 (size before relaxing)
 .rodata.str1.1
                0x0000000000114f80       0xdb binaries/xsh_udpecho.o
                                         0xfa (size before relaxing)
 *fill*         0x000000000011505b        0x1 
 .rodata.str1.4
                0x000000000011505c       0xc7 binaries/xsh_udpecho.o
                                        0x116 (size before relaxing)
 .rodata.str1.1
                0x0000000000115123       0x66 binaries/xsh_udpeserver.o
                                         0x8f (size before relaxing)
 *fill*         0x0000000000115189        0x3 
 .rodata.str1.4
                0x000000000011518c       0x29 binaries/xsh_udpeserver.o
                                         0x9f (size before relaxing)
 .rodata.str1.1
                0x00000000001151b5       0x49 binaries/xsh_uptime.o
                                         0x8c (size before relaxing)
 *fill*         0x00000000001151fe        0x2 
 .rodata.str1.4
                0x0000000000115200       0x28 binaries/xsh_uptime.o
                                         0x76 (size before relaxing)
                0x0000000000115228                etext = ABSOLUTE (.)
                0x0000000000116000                . = ALIGN (0x1000)
 *fill*         0x0000000000115228      0xdd8 

.eh_frame       0x0000000000116000     0x3350
 .eh_frame      0x0000000000116000       0x48 binaries/ascdate.o
 .eh_frame      0x0000000000116048       0x20 binaries/bufinit.o
                                         0x38 (size before relaxing)
 .eh_frame      0x0000000000116068       0x2c binaries/chprio.o
                                         0x44 (size before relaxing)
 .eh_frame      0x0000000000116094       0x20 binaries/clkhandler.o
                                         0x38 (size before relaxing)
 .eh_frame      0x00000000001160b4       0x20 binaries/clkinit.o
                                         0x38 (size before relaxing)
 .eh_frame      0x00000000001160d4       0x28 binaries/close.o
                                         0x40 (size before relaxing)
 .eh_frame      0x00000000001160fc       0x28 binaries/control.o
                                         0x40 (size before relaxing)
 .eh_frame      0x0000000000116124       0x2c binaries/cpubound.o
                                         0x44 (size before relaxing)
 .eh_frame      0x0000000000116150       0x30 binaries/create.o
                                         0x48 (size before relaxing)
 .eh_frame      0x0000000000116180       0x94 binaries/early_imr.o
                                         0xac (size before relaxing)
 .eh_frame      0x0000000000116214       0x94 binaries/evec.o
                                         0xac (size before relaxing)
 .eh_frame      0x00000000001162a8       0x2c binaries/freebuf.o
                                         0x44 (size before relaxing)
 .eh_frame      0x00000000001162d4       0x2c binaries/freemem.o
                                         0x44 (size before relaxing)
 .eh_frame      0x0000000000116300       0x2c binaries/getbuf.o
                                         0x44 (size before relaxing)
 .eh_frame      0x000000000011632c       0x28 binaries/getc.o
                                         0x40 (size before relaxing)
 .eh_frame      0x0000000000116354       0x24 binaries/getcpuused.o
                                         0x3c (size before relaxing)
 .eh_frame      0x0000000000116378       0x2c binaries/getdev.o
                                         0x44 (size before relaxing)
 .eh_frame      0x00000000001163a4       0x64 binaries/getitem.o
                                         0x7c (size before relaxing)
 .eh_frame      0x0000000000116408       0x28 binaries/getmem.o
                                         0x40 (size before relaxing)
 .eh_frame      0x0000000000116430       0x20 binaries/getpid.o
                                         0x38 (size before relaxing)
 .eh_frame      0x0000000000116450       0x24 binaries/getprio.o
                                         0x3c (size before relaxing)
 .eh_frame      0x0000000000116474       0x2c binaries/getstk.o
                                         0x44 (size before relaxing)
 .eh_frame      0x00000000001164a0       0x20 binaries/gettime.o
                                         0x38 (size before relaxing)
 .eh_frame      0x00000000001164c0       0x24 binaries/getutime.o
                                         0x3c (size before relaxing)
 .eh_frame      0x00000000001164e4       0x30 binaries/gocreate.o
                                         0x48 (size before relaxing)
 .eh_frame      0x0000000000116514       0x20 binaries/host2neta.o
                                         0x38 (size before relaxing)
 .eh_frame      0x0000000000116534       0x20 binaries/increaseprio.o
                                         0x38 (size before relaxing)
 .eh_frame      0x0000000000116554       0x28 binaries/init.o
                                         0x40 (size before relaxing)
 .eh_frame      0x000000000011657c       0x5c binaries/initialize.o
                                         0x74 (size before relaxing)
 .eh_frame      0x00000000001165d8       0x28 binaries/insert.o
                                         0x40 (size before relaxing)
 .eh_frame      0x0000000000116600       0x2c binaries/insertd.o
                                         0x44 (size before relaxing)
 .eh_frame      0x000000000011662c       0x2c binaries/iobound.o
                                         0x44 (size before relaxing)
 .eh_frame      0x0000000000116658       0x20 binaries/ioerr.o
                                         0x38 (size before relaxing)
 .eh_frame      0x0000000000116678       0x20 binaries/ionull.o
                                         0x38 (size before relaxing)
 .eh_frame      0x0000000000116698       0x30 binaries/kill.o
                                         0x48 (size before relaxing)
 .eh_frame      0x00000000001166c8       0x80 binaries/kprintf.o
                                         0x98 (size before relaxing)
 .eh_frame      0x0000000000116748       0x20 binaries/lab3q3t1.o
                                         0x38 (size before relaxing)
 .eh_frame      0x0000000000116768       0x20 binaries/lab3q3t2.o
                                         0x38 (size before relaxing)
 .eh_frame      0x0000000000116788       0x24 binaries/main.o
                                         0x3c (size before relaxing)
 .eh_frame      0x00000000001167ac       0x44 binaries/mark.o
                                         0x5c (size before relaxing)
 .eh_frame      0x00000000001167f0       0x50 binaries/meminit.o
                                         0x68 (size before relaxing)
 .eh_frame      0x0000000000116840       0x30 binaries/mkbufpool.o
                                         0x48 (size before relaxing)
 .eh_frame      0x0000000000116870       0x50 binaries/myappandfunc.o
                                         0x68 (size before relaxing)
 .eh_frame      0x00000000001168c0       0x20 binaries/newqueue.o
                                         0x38 (size before relaxing)
 .eh_frame      0x00000000001168e0       0x1c binaries/onandon.o
                                         0x34 (size before relaxing)
 .eh_frame      0x00000000001168fc       0x28 binaries/open.o
                                         0x40 (size before relaxing)
 .eh_frame      0x0000000000116924       0x1c binaries/panic.o
                                         0x34 (size before relaxing)
 .eh_frame      0x0000000000116940      0x12c binaries/pci.o
                                        0x144 (size before relaxing)
 .eh_frame      0x0000000000116a6c       0x20 binaries/platinit.o
                                         0x38 (size before relaxing)
 .eh_frame      0x0000000000116a8c       0x2c binaries/printprocess.o
                                         0x44 (size before relaxing)
 .eh_frame      0x0000000000116ab8       0x20 binaries/prnsegadd.o
                                         0x38 (size before relaxing)
 .eh_frame      0x0000000000116ad8       0x2c binaries/ptclear.o
                                         0x44 (size before relaxing)
 .eh_frame      0x0000000000116b04       0x2c binaries/ptcount.o
                                         0x44 (size before relaxing)
 .eh_frame      0x0000000000116b30       0x2c binaries/ptcreate.o
                                         0x44 (size before relaxing)
 .eh_frame      0x0000000000116b5c       0x28 binaries/ptdelete.o
                                         0x40 (size before relaxing)
 .eh_frame      0x0000000000116b84       0x28 binaries/ptinit.o
                                         0x40 (size before relaxing)
 .eh_frame      0x0000000000116bac       0x2c binaries/ptrecv.o
                                         0x44 (size before relaxing)
 .eh_frame      0x0000000000116bd8       0x28 binaries/ptreset.o
                                         0x40 (size before relaxing)
 .eh_frame      0x0000000000116c00       0x30 binaries/ptsend.o
                                         0x48 (size before relaxing)
 .eh_frame      0x0000000000116c30       0x2c binaries/putc.o
                                         0x44 (size before relaxing)
 .eh_frame      0x0000000000116c5c       0x24 binaries/quark_irq.o
                                         0x3c (size before relaxing)
 .eh_frame      0x0000000000116c80       0x54 binaries/quark_pdat.o
                                         0x6c (size before relaxing)
 .eh_frame      0x0000000000116cd4       0x44 binaries/queue.o
                                         0x5c (size before relaxing)
 .eh_frame      0x0000000000116d18       0x28 binaries/read.o
                                         0x40 (size before relaxing)
 .eh_frame      0x0000000000116d40       0x28 binaries/ready.o
                                         0x40 (size before relaxing)
 .eh_frame      0x0000000000116d68       0x2c binaries/receive.o
                                         0x44 (size before relaxing)
 .eh_frame      0x0000000000116d94       0x24 binaries/recvclr.o
                                         0x3c (size before relaxing)
 .eh_frame      0x0000000000116db8       0x2c binaries/recvtime.o
                                         0x44 (size before relaxing)
 .eh_frame      0x0000000000116de4       0x4c binaries/resched.o
                                         0x64 (size before relaxing)
 .eh_frame      0x0000000000116e30       0x2c binaries/resume.o
                                         0x44 (size before relaxing)
 .eh_frame      0x0000000000116e5c       0x28 binaries/seek.o
                                         0x40 (size before relaxing)
 .eh_frame      0x0000000000116e84       0x24 binaries/semcount.o
                                         0x3c (size before relaxing)
 .eh_frame      0x0000000000116ea8       0x2c binaries/semcreate.o
                                         0x44 (size before relaxing)
 .eh_frame      0x0000000000116ed4       0x2c binaries/semdelete.o
                                         0x44 (size before relaxing)
 .eh_frame      0x0000000000116f00       0x2c binaries/semreset.o
                                         0x44 (size before relaxing)
 .eh_frame      0x0000000000116f2c       0x28 binaries/send.o
                                         0x40 (size before relaxing)
 .eh_frame      0x0000000000116f54       0x28 binaries/signal.o
                                         0x40 (size before relaxing)
 .eh_frame      0x0000000000116f7c       0x2c binaries/signaln.o
                                         0x44 (size before relaxing)
 .eh_frame      0x0000000000116fa8       0x48 binaries/sleep.o
                                         0x60 (size before relaxing)
 .eh_frame      0x0000000000116ff0       0x24 binaries/stackinfo.o
                                         0x3c (size before relaxing)
 .eh_frame      0x0000000000117014       0x40 binaries/stackoverflowA.o
                                         0x58 (size before relaxing)
 .eh_frame      0x0000000000117054       0x20 binaries/stackoverflowB.o
                                         0x38 (size before relaxing)
 .eh_frame      0x0000000000117074       0x28 binaries/suspend.o
                                         0x40 (size before relaxing)
 .eh_frame      0x000000000011709c       0x2c binaries/test2.o
                                         0x44 (size before relaxing)
 .eh_frame      0x00000000001170c8       0x2c binaries/test.o
                                         0x44 (size before relaxing)
 .eh_frame      0x00000000001170f4       0x28 binaries/unsleep.o
                                         0x40 (size before relaxing)
 .eh_frame      0x000000000011711c       0x20 binaries/userret.o
                                         0x38 (size before relaxing)
 .eh_frame      0x000000000011713c       0x28 binaries/wait.o
                                         0x40 (size before relaxing)
 .eh_frame      0x0000000000117164       0x20 binaries/wakeup.o
                                         0x38 (size before relaxing)
 .eh_frame      0x0000000000117184       0x28 binaries/write.o
                                         0x40 (size before relaxing)
 .eh_frame      0x00000000001171ac       0x20 binaries/xdone.o
                                         0x38 (size before relaxing)
 .eh_frame      0x00000000001171cc       0x20 binaries/xts_dequeue.o
                                         0x38 (size before relaxing)
 .eh_frame      0x00000000001171ec       0x28 binaries/xts_enqueue.o
                                         0x40 (size before relaxing)
 .eh_frame      0x0000000000117214       0x20 binaries/xts_priochk.o
                                         0x38 (size before relaxing)
 .eh_frame      0x0000000000117234       0x24 binaries/yield.o
                                         0x3c (size before relaxing)
 .eh_frame      0x0000000000117258       0x20 binaries/abs.o
                                         0x38 (size before relaxing)
 .eh_frame      0x0000000000117278       0x28 binaries/atoi.o
                                         0x40 (size before relaxing)
 .eh_frame      0x00000000001172a0       0x28 binaries/atol.o
                                         0x40 (size before relaxing)
 .eh_frame      0x00000000001172c8       0x20 binaries/bzero.o
                                         0x38 (size before relaxing)
 .eh_frame      0x00000000001172e8       0xac binaries/doprnt.o
                                         0xc4 (size before relaxing)
 .eh_frame      0x0000000000117394       0x30 binaries/doscan.o
                                         0x48 (size before relaxing)
 .eh_frame      0x00000000001173c4       0x5c binaries/fdoprnt.o
                                         0x74 (size before relaxing)
 .eh_frame      0x0000000000117420       0x20 binaries/fgetc.o
                                         0x38 (size before relaxing)
 .eh_frame      0x0000000000117440       0x2c binaries/fgets.o
                                         0x44 (size before relaxing)
 .eh_frame      0x000000000011746c       0x20 binaries/fprintf.o
                                         0x38 (size before relaxing)
 .eh_frame      0x000000000011748c       0x20 binaries/fputc.o
                                         0x38 (size before relaxing)
 .eh_frame      0x00000000001174ac       0x28 binaries/fputs.o
                                         0x40 (size before relaxing)
 .eh_frame      0x00000000001174d4       0x64 binaries/fscanf.o
                                         0x7c (size before relaxing)
 .eh_frame      0x0000000000117538       0x20 binaries/getchar.o
                                         0x38 (size before relaxing)
 .eh_frame      0x0000000000117558       0x20 binaries/labs.o
                                         0x38 (size before relaxing)
 .eh_frame      0x0000000000117578       0x20 binaries/memchr.o
                                         0x38 (size before relaxing)
 .eh_frame      0x0000000000117598       0x28 binaries/memcmp.o
                                         0x40 (size before relaxing)
 .eh_frame      0x00000000001175c0       0x28 binaries/memcpy.o
                                         0x40 (size before relaxing)
 .eh_frame      0x00000000001175e8       0x24 binaries/memset.o
                                         0x3c (size before relaxing)
 .eh_frame      0x000000000011760c       0x20 binaries/printf.o
                                         0x38 (size before relaxing)
 .eh_frame      0x000000000011762c       0x20 binaries/putchar.o
                                         0x38 (size before relaxing)
 .eh_frame      0x000000000011764c       0xa4 binaries/qsort.o
                                         0xbc (size before relaxing)
 .eh_frame      0x00000000001176f0       0x40 binaries/rand.o
                                         0x58 (size before relaxing)
 .eh_frame      0x0000000000117730       0x48 binaries/sprintf.o
                                         0x60 (size before relaxing)
 .eh_frame      0x0000000000117778       0x60 binaries/sscanf.o
                                         0x78 (size before relaxing)
 .eh_frame      0x00000000001177d8       0x24 binaries/strchr.o
                                         0x3c (size before relaxing)
 .eh_frame      0x00000000001177fc       0x24 binaries/strcmp.o
                                         0x3c (size before relaxing)
 .eh_frame      0x0000000000117820       0x20 binaries/strcpy.o
                                         0x38 (size before relaxing)
 .eh_frame      0x0000000000117840       0x20 binaries/strlen.o
                                         0x38 (size before relaxing)
 .eh_frame      0x0000000000117860       0x2c binaries/strncat.o
                                         0x44 (size before relaxing)
 .eh_frame      0x000000000011788c       0x24 binaries/strncmp.o
                                         0x3c (size before relaxing)
 .eh_frame      0x00000000001178b0       0x2c binaries/strncpy.o
                                         0x44 (size before relaxing)
 .eh_frame      0x00000000001178dc       0x24 binaries/strnlen.o
                                         0x3c (size before relaxing)
 .eh_frame      0x0000000000117900       0x24 binaries/strrchr.o
                                         0x3c (size before relaxing)
 .eh_frame      0x0000000000117924       0x2c binaries/strstr.o
                                         0x44 (size before relaxing)
 .eh_frame      0x0000000000117950       0x30 binaries/ttycontrol.o
                                         0x48 (size before relaxing)
 .eh_frame      0x0000000000117980       0x2c binaries/ttygetc.o
                                         0x44 (size before relaxing)
 .eh_frame      0x00000000001179ac       0x84 binaries/ttyhandle_in.o
                                         0x9c (size before relaxing)
 .eh_frame      0x0000000000117a30       0x30 binaries/ttyhandle_out.o
                                         0x48 (size before relaxing)
 .eh_frame      0x0000000000117a60       0x28 binaries/ttyhandler.o
                                         0x40 (size before relaxing)
 .eh_frame      0x0000000000117a88       0x30 binaries/ttyinit.o
                                         0x48 (size before relaxing)
 .eh_frame      0x0000000000117ab8       0x20 binaries/ttykickout.o
                                         0x38 (size before relaxing)
 .eh_frame      0x0000000000117ad8       0x2c binaries/ttyputc.o
                                         0x44 (size before relaxing)
 .eh_frame      0x0000000000117b04       0x2c binaries/ttyread.o
                                         0x44 (size before relaxing)
 .eh_frame      0x0000000000117b30       0x2c binaries/ttywrite.o
                                         0x44 (size before relaxing)
 .eh_frame      0x0000000000117b5c       0x4c binaries/mount.o
                                         0x64 (size before relaxing)
 .eh_frame      0x0000000000117ba8       0x30 binaries/naminit.o
                                         0x48 (size before relaxing)
 .eh_frame      0x0000000000117bd8       0x84 binaries/nammap.o
                                         0x9c (size before relaxing)
 .eh_frame      0x0000000000117c5c       0x20 binaries/namopen.o
                                         0x38 (size before relaxing)
 .eh_frame      0x0000000000117c7c       0x2c binaries/colon2mac.o
                                         0x44 (size before relaxing)
 .eh_frame      0x0000000000117ca8       0x20 binaries/ethcontrol.o
                                         0x38 (size before relaxing)
 .eh_frame      0x0000000000117cc8       0x30 binaries/ethhandler.o
                                         0x48 (size before relaxing)
 .eh_frame      0x0000000000117cf8       0x98 binaries/ethinit.o
                                         0xb0 (size before relaxing)
 .eh_frame      0x0000000000117d90       0x54 binaries/ethmcast.o
                                         0x6c (size before relaxing)
 .eh_frame      0x0000000000117de4       0x30 binaries/ethread.o
                                         0x48 (size before relaxing)
 .eh_frame      0x0000000000117e14       0x2c binaries/ethwrite.o
                                         0x44 (size before relaxing)
 .eh_frame      0x0000000000117e40       0x24 binaries/rdsbufalloc.o
                                         0x3c (size before relaxing)
 .eh_frame      0x0000000000117e64       0x2c binaries/rdsclose.o
                                         0x44 (size before relaxing)
 .eh_frame      0x0000000000117e90       0x30 binaries/rdscomm.o
                                         0x48 (size before relaxing)
 .eh_frame      0x0000000000117ec0       0x30 binaries/rdscontrol.o
                                         0x48 (size before relaxing)
 .eh_frame      0x0000000000117ef0       0x30 binaries/rdsinit.o
                                         0x48 (size before relaxing)
 .eh_frame      0x0000000000117f20       0x30 binaries/rdsopen.o
[...]

.note.GNU-stack
                0x0000000000000000        0x0
 .note.GNU-stack
                0x0000000000000000        0x0 binaries/ascdate.o
 .note.GNU-stack
                0x0000000000000000        0x0 binaries/bufinit.o
 .note.GNU-stack
                0x0000000000000000        0x0 binaries/chprio.o
 .note.GNU-stack
                0x0000000000000000        0x0 binaries/clkhandler.o
 .note.GNU-stack
                0x0000000000000000        0x0 binaries/clkinit.o
 .note.GNU-stack
                0x0000000000000000        0x0 binaries/close.o
 .note.GNU-stack
                0x0000000000000000        0x0 binaries/conf.o
 .note.GNU-stack
                0x0000000000000000        0x0 binaries/control.o
 .note.GNU-stack
                0x0000000000000000        0x0 binaries/cpubound.o
 .note.GNU-stack
                0x0000000000000000        0x0 binaries/create.o
 .note.GNU-stack
                0x0000000000000000        0x0 binaries/early_imr.o
 .note.GNU-stack
                0x0000000000000000        0x0 binaries/evec.o
 .note.GNU-stack
                0x0000000000000000        0x0 binaries/freebuf.o
 .note.GNU-stack
                0x0000000000000000        0x0 binaries/freemem.o
 .note.GNU-stack
                0x0000000000000000        0x0 binaries/getbuf.o
 .note.GNU-stack
                0x0000000000000000        0x0 binaries/getc.o
 .note.GNU-stack
                0x0000000000000000        0x0 binaries/getcpuused.o
 .note.GNU-stack
                0x0000000000000000        0x0 binaries/getdev.o
 .note.GNU-stack
                0x0000000000000000        0x0 binaries/getitem.o
 .note.GNU-stack
                0x0000000000000000        0x0 binaries/getmem.o
 .note.GNU-stack
                0x0000000000000000        0x0 binaries/getpid.o
 .note.GNU-stack
                0x0000000000000000        0x0 binaries/getprio.o
 .note.GNU-stack
                0x0000000000000000        0x0 binaries/getstk.o
 .note.GNU-stack
                0x0000000000000000        0x0 binaries/gettime.o
 .note.GNU-stack
                0x0000000000000000        0x0 binaries/getutime.o
 .note.GNU-stack
                0x0000000000000000        0x0 binaries/gocreate.o
 .note.GNU-stack
                0x0000000000000000        0x0 binaries/host2neta.o
 .note.GNU-stack
                0x0000000000000000        0x0 binaries/increaseprio.o
 .note.GNU-stack
                0x0000000000000000        0x0 binaries/init.o
 .note.GNU-stack
                0x0000000000000000        0x0 binaries/initialize.o
 .note.GNU-stack
                0x0000000000000000        0x0 binaries/insert.o
 .note.GNU-stack
                0x0000000000000000        0x0 binaries/insertd.o
 .note.GNU-stack
                0x0000000000000000        0x0 binaries/iobound.o
 .note.GNU-stack
                0x0000000000000000        0x0 binaries/ioerr.o
 .note.GNU-stack
                0x0000000000000000        0x0 binaries/ionull.o
 .note.GNU-stack
                0x0000000000000000        0x0 binaries/kill.o
 .note.GNU-stack
                0x0000000000000000        0x0 binaries/kprintf.o
 .note.GNU-stack
                0x0000000000000000        0x0 binaries/lab3q3t1.o
 .note.GNU-stack
                0x0000000000000000        0x0 binaries/lab3q3t2.o
 .note.GNU-stack
                0x0000000000000000        0x0 binaries/main1.o
 .note.GNU-stack
                0x0000000000000000        0x0 binaries/main.o
 .note.GNU-stack
                0x0000000000000000        0x0 binaries/mark.o
 .note.GNU-stack
                0x0000000000000000        0x0 binaries/meminit.o
 .note.GNU-stack
                0x0000000000000000        0x0 binaries/mkbufpool.o
 .note.GNU-stack
                0x0000000000000000        0x0 binaries/myappandfunc.o
 .note.GNU-stack
                0x0000000000000000        0x0 binaries/newqueue.o
 .note.GNU-stack
                0x0000000000000000        0x0 binaries/onandon.o
 .note.GNU-stack
                0x0000000000000000        0x0 binaries/open.o
 .note.GNU-stack
                0x0000000000000000        0x0 binaries/panic.o
 .note.GNU-stack
                0x0000000000000000        0x0 binaries/pci.o
 .note.GNU-stack
                0x0000000000000000        0x0 binaries/platinit.o
 .note.GNU-stack
                0x0000000000000000        0x0 binaries/printprocess.o
 .note.GNU-stack
                0x0000000000000000        0x0 binaries/prnsegadd.o
 .note.GNU-stack
                0x0000000000000000        0x0 binaries/ptclear.o
 .note.GNU-stack
                0x0000000000000000        0x0 binaries/ptcount.o
 .note.GNU-stack
                0x0000000000000000        0x0 binaries/ptcreate.o
 .note.GNU-stack
                0x0000000000000000        0x0 binaries/ptdelete.o
 .note.GNU-stack
                0x0000000000000000        0x0 binaries/ptinit.o
 .note.GNU-stack
                0x0000000000000000        0x0 binaries/ptrecv.o
 .note.GNU-stack
                0x0000000000000000        0x0 binaries/ptreset.o
 .note.GNU-stack
                0x0000000000000000        0x0 binaries/ptsend.o
 .note.GNU-stack
                0x0000000000000000        0x0 binaries/putc.o
 .note.GNU-stack
                0x0000000000000000        0x0 binaries/quark_irq.o
 .note.GNU-stack
                0x0000000000000000        0x0 binaries/quark_pdat.o
 .note.GNU-stack
                0x0000000000000000        0x0 binaries/queue.o
 .note.GNU-stack
                0x0000000000000000        0x0 binaries/read.o
 .note.GNU-stack
                0x0000000000000000        0x0 binaries/ready.o
 .note.GNU-stack
                0x0000000000000000        0x0 binaries/receive.o
 .note.GNU-stack
                0x0000000000000000        0x0 binaries/recvclr.o
 .note.GNU-stack
                0x0000000000000000        0x0 binaries/recvtime.o
 .note.GNU-stack
                0x0000000000000000        0x0 binaries/resched.o
 .note.GNU-stack
                0x0000000000000000        0x0 binaries/resume.o
 .note.GNU-stack
                0x0000000000000000        0x0 binaries/seek.o
 .note.GNU-stack
                0x0000000000000000        0x0 binaries/semcount.o
 .note.GNU-stack
                0x0000000000000000        0x0 binaries/semcreate.o
 .note.GNU-stack
                0x0000000000000000        0x0 binaries/semdelete.o
 .note.GNU-stack
                0x0000000000000000        0x0 binaries/semreset.o
 .note.GNU-stack
                0x0000000000000000        0x0 binaries/send.o
 .note.GNU-stack
                0x0000000000000000        0x0 binaries/signal.o
 .note.GNU-stack
                0x0000000000000000        0x0 binaries/signaln.o
 .note.GNU-stack
                0x0000000000000000        0x0 binaries/sleep.o
 .note.GNU-stack
                0x0000000000000000        0x0 binaries/stackinfo.o
 .note.GNU-stack
                0x0000000000000000        0x0 binaries/stackoverflowA.o
 .note.GNU-stack
                0x0000000000000000        0x0 binaries/stackoverflowB.o
 .note.GNU-stack
                0x0000000000000000        0x0 binaries/suspend.o
 .note.GNU-stack
                0x0000000000000000        0x0 binaries/test2.o
 .note.GNU-stack
                0x0000000000000000        0x0 binaries/test.o
 .note.GNU-stack
                0x0000000000000000        0x0 binaries/unsleep.o
 .note.GNU-stack
                0x0000000000000000        0x0 binaries/userret.o
 .note.GNU-stack
                0x0000000000000000        0x0 binaries/wait.o
 .note.GNU-stack
                0x0000000000000000        0x0 binaries/wakeup.o
 .note.GNU-stack
                0x0000000000000000        0x0 binaries/write.o
 .note.GNU-stack
                0x0000000000000000        0x0 binaries/xdone.o
 .note.GNU-stack
                0x0000000000000000        0x0 binaries/xts_dequeue.o
 .note.GNU-stack
                0x0000000000000000        0x0 binaries/xts_enqueue.o
 .note.GNU-stack
                0x0000000000000000        0x0 binaries/xts_priochk.o
 .note.GNU-stack
                0x0000000000000000        0x0 binaries/yield.o
 .note.GNU-stack
                0x0000000000000000        0x0 binaries/abs.o
 .note.GNU-stack
                0x0000000000000000        0x0 binaries/atoi.o
 .note.GNU-stack
                0x0000000000000000        0x0 binaries/atol.o
 .note.GNU-stack
                0x0000000000000000        0x0 binaries/bzero.o
 .note.GNU-stack
                0x0000000000000000        0x0 binaries/ctype_.o
 .note.GNU-stack
                0x0000000000000000        0x0 binaries/doprnt.o
 .note.GNU-stack
                0x0000000000000000        0x0 binaries/doscan.o
 .note.GNU-stack
                0x0000000000000000        0x0 binaries/fdoprnt.o
 .note.GNU-stack
                0x0000000000000000        0x0 binaries/fgetc.o
 .note.GNU-stack
                0x0000000000000000        0x0 binaries/fgets.o
 .note.GNU-stack
                0x0000000000000000        0x0 binaries/fprintf.o
 .note.GNU-stack
                0x0000000000000000        0x0 binaries/fputc.o
 .note.GNU-stack
                0x0000000000000000        0x0 binaries/fputs.o
 .note.GNU-stack
                0x0000000000000000        0x0 binaries/fscanf.o
 .note.GNU-stack
                0x0000000000000000        0x0 binaries/getchar.o
 .note.GNU-stack
                0x0000000000000000        0x0 binaries/labs.o
 .note.GNU-stack
                0x0000000000000000        0x0 binaries/memchr.o
 .note.GNU-stack
                0x0000000000000000        0x0 binaries/memcmp.o
 .note.GNU-stack
                0x0000000000000000        0x0 binaries/memcpy.o
 .note.GNU-stack
                0x0000000000000000        0x0 binaries/memset.o
 .note.GNU-stack
                0x0000000000000000        0x0 binaries/printf.o
 .note.GNU-stack
                0x0000000000000000        0x0 binaries/putchar.o
 .note.GNU-stack
                0x0000000000000000        0x0 binaries/qsort.o
 .note.GNU-stack
                0x0000000000000000        0x0 binaries/rand.o
 .note.GNU-stack
                0x0000000000000000        0x0 binaries/sprintf.o
 .note.GNU-stack
                0x0000000000000000        0x0 binaries/sscanf.o
 .note.GNU-stack
                0x0000000000000000        0x0 binaries/strchr.o
 .note.GNU-stack
                0x0000000000000000        0x0 binaries/strcmp.o
 .note.GNU-stack
                0x0000000000000000        0x0 binaries/strcpy.o
 .note.GNU-stack
                0x0000000000000000        0x0 binaries/strlen.o
 .note.GNU-stack
                0x0000000000000000        0x0 binaries/strncat.o
 .note.GNU-stack
                0x0000000000000000        0x0 binaries/strncmp.o
 .note.GNU-stack
                0x0000000000000000        0x0 binaries/strncpy.o
 .note.GNU-stack
                0x0000000000000000        0x0 binaries/strnlen.o
 .note.GNU-stack
                0x0000000000000000        0x0 binaries/strrchr.o
 .note.GNU-stack
                0x0000000000000000        0x0 binaries/strstr.o
 .note.GNU-stack
                0x0000000000000000        0x0 binaries/ttycontrol.o
 .note.GNU-stack
                0x0000000000000000        0x0 binaries/ttygetc.o
 .note.GNU-stack
                0x0000000000000000        0x0 binaries/ttyhandle_in.o
 .note.GNU-stack
                0x0000000000000000        0x0 binaries/ttyhandle_out.o
 .note.GNU-stack
                0x0000000000000000        0x0 binaries/ttyhandler.o
 .note.GNU-stack
                0x0000000000000000        0x0 binaries/ttyinit.o
 .note.GNU-stack
                0x0000000000000000        0x0 binaries/ttykickout.o
 .note.GNU-stack
                0x0000000000000000        0x0 binaries/ttyputc.o
 .note.GNU-stack
                0x0000000000000000        0x0 binaries/ttyread.o
 .note.GNU-stack
                0x0000000000000000        0x0 binaries/ttywrite.o
 .note.GNU-stack
                0x0000000000000000        0x0 binaries/mount.o
 .note.GNU-stack
                0x0000000000000000        0x0 binaries/naminit.o
 .note.GNU-stack
                0x0000000000000000        0x0 binaries/nammap.o
 .note.GNU-stack
                0x0000000000000000        0x0 binaries/namopen.o
 .note.GNU-stack
                0x0000000000000000        0x0 binaries/colon2mac.o
 .note.GNU-stack
                0x0000000000000000        0x0 binaries/ethcontrol.o
 .note.GNU-stack
                0x0000000000000000        0x0 binaries/ethhandler.o
 .note.GNU-stack
                0x0000000000000000        0x0 binaries/ethinit.o
 .note.GNU-stack
                0x0000000000000000        0x0 binaries/ethmcast.o
 .note.GNU-stack
                0x0000000000000000        0x0 binaries/ethread.o
 .note.GNU-stack
                0x0000000000000000        0x0 binaries/ethwrite.o
 .note.GNU-stack
                0x0000000000000000        0x0 binaries/rdsbufalloc.o
 .note.GNU-stack
                0x0000000000000000        0x0 binaries/rdsclose.o
 .note.GNU-stack
                0x0000000000000000        0x0 binaries/rdscomm.o
 .note.GNU-stack
                0x0000000000000000        0x0 binaries/rdscontrol.o
 .note.GNU-stack
                0x0000000000000000        0x0 binaries/rdsinit.o
 .note.GNU-stack
                0x0000000000000000        0x0 binaries/rdsopen.o
 .note.GNU-stack
                0x0000000000000000        0x0 binaries/rdsprocess.o
 .note.GNU-stack
                0x0000000000000000        0x0 binaries/rdsread.o
 .note.GNU-stack
                0x0000000000000000        0x0 binaries/rdswrite.o
 .note.GNU-stack
                0x0000000000000000        0x0 binaries/ramclose.o
 .note.GNU-stack
                0x0000000000000000        0x0 binaries/raminit.o
 .note.GNU-stack
                0x0000000000000000        0x0 binaries/ramopen.o
 .note.GNU-stack
                0x0000000000000000        0x0 binaries/ramread.o
 .note.GNU-stack
                0x0000000000000000        0x0 binaries/ramwrite.o
 .note.GNU-stack
                0x0000000000000000        0x0 binaries/lfdballoc.o
 .note.GNU-stack
                0x0000000000000000        0x0 binaries/lfdbfree.o
 .note.GNU-stack
                0x0000000000000000        0x0 binaries/lfflush.o
 .note.GNU-stack
                0x0000000000000000        0x0 binaries/lfgetmode.o
 .note.GNU-stack
                0x0000000000000000        0x0 binaries/lfiballoc.o
 .note.GNU-stack
                0x0000000000000000        0x0 binaries/lfibclear.o
 .note.GNU-stack
                0x0000000000000000        0x0 binaries/lfibget.o
 .note.GNU-stack
                0x0000000000000000        0x0 binaries/lfibput.o
 .note.GNU-stack
                0x0000000000000000        0x0 binaries/lflclose.o
 .note.GNU-stack
                0x0000000000000000        0x0 binaries/lflcontrol.o
 .note.GNU-stack
                0x0000000000000000        0x0 binaries/lflgetc.o
 .note.GNU-stack
                0x0000000000000000        0x0 binaries/lflinit.o
 .note.GNU-stack
                0x0000000000000000        0x0 binaries/lflputc.o
 .note.GNU-stack
                0x0000000000000000        0x0 binaries/lflread.o
 .note.GNU-stack
                0x0000000000000000        0x0 binaries/lflseek.o
 .note.GNU-stack
                0x0000000000000000        0x0 binaries/lflwrite.o
 .note.GNU-stack
                0x0000000000000000        0x0 binaries/lfsckfmt.o
 .note.GNU-stack
                0x0000000000000000        0x0 binaries/lfscreate.o
 .note.GNU-stack
                0x0000000000000000        0x0 binaries/lfsetup.o
 .note.GNU-stack
                0x0000000000000000        0x0 binaries/lfsinit.o
 .note.GNU-stack
                0x0000000000000000        0x0 binaries/lfsopen.o
 .note.GNU-stack
                0x0000000000000000        0x0 binaries/lftruncate.o
 .note.GNU-stack
                0x0000000000000000        0x0 binaries/rflclose.o
 .note.GNU-stack
                0x0000000000000000        0x0 binaries/rflgetc.o
 .note.GNU-stack
                0x0000000000000000        0x0 binaries/rflinit.o
 .note.GNU-stack
                0x0000000000000000        0x0 binaries/rflputc.o
 .note.GNU-stack
                0x0000000000000000        0x0 binaries/rflread.o
 .note.GNU-stack
                0x0000000000000000        0x0 binaries/rflseek.o
 .note.GNU-stack
                0x0000000000000000        0x0 binaries/rflwrite.o
 .note.GNU-stack
                0x0000000000000000        0x0 binaries/rfscomm.o
 .note.GNU-stack
                0x0000000000000000        0x0 binaries/rfscontrol.o
 .note.GNU-stack
                0x0000000000000000        0x0 binaries/rfsgetmode.o
 .note.GNU-stack
                0x0000000000000000        0x0 binaries/rfsinit.o
 .note.GNU-stack
                0x0000000000000000        0x0 binaries/rfsndmsg.o
 .note.GNU-stack
                0x0000000000000000        0x0 binaries/rfsopen.o
 .note.GNU-stack
                0x0000000000000000        0x0 binaries/arp.o
 .note.GNU-stack
                0x0000000000000000        0x0 binaries/dhcp.o
 .note.GNU-stack
                0x0000000000000000        0x0 binaries/dot2ip.o
 .note.GNU-stack
                0x0000000000000000        0x0 binaries/hexdump.o
 .note.GNU-stack
                0x0000000000000000        0x0 binaries/icmp.o
 .note.GNU-stack
                0x0000000000000000        0x0 binaries/ip.o
 .note.GNU-stack
                0x0000000000000000        0x0 binaries/net.o
 .note.GNU-stack
                0x0000000000000000        0x0 binaries/netstart.o
 .note.GNU-stack
                0x0000000000000000        0x0 binaries/pdump.o
 .note.GNU-stack
                0x0000000000000000        0x0 binaries/tftp.o
 .note.GNU-stack
                0x0000000000000000        0x0 binaries/udp.o
 .note.GNU-stack
                0x0000000000000000        0x0 binaries/addargs.o
 .note.GNU-stack
                0x0000000000000000        0x0 binaries/lab1cmd2.o
 .note.GNU-stack
                0x0000000000000000        0x0 binaries/lab1cmd3.o
 .note.GNU-stack
                0x0000000000000000        0x0 binaries/lab1cmd4.o
 .note.GNU-stack
                0x0000000000000000        0x0 binaries/lab1cmd.o
 .note.GNU-stack
                0x0000000000000000        0x0 binaries/lexan.o
 .note.GNU-stack
                0x0000000000000000        0x0 binaries/shell.o
 .note.GNU-stack
                0x0000000000000000        0x0 binaries/xsh_argecho.o
 .note.GNU-stack
                0x0000000000000000        0x0 binaries/xsh_arp.o
 .note.GNU-stack
                0x0000000000000000        0x0 binaries/xsh_cat.o
 .note.GNU-stack
                0x0000000000000000        0x0 binaries/xsh_clear.o
 .note.GNU-stack
                0x0000000000000000        0x0 binaries/xsh_date.o
 .note.GNU-stack
                0x0000000000000000        0x0 binaries/xsh_devdump.o
 .note.GNU-stack
                0x0000000000000000        0x0 binaries/xsh_echo.o
 .note.GNU-stack
                0x0000000000000000        0x0 binaries/xsh_exit.o
 .note.GNU-stack
                0x0000000000000000        0x0 binaries/xsh_help.o
 .note.GNU-stack
                0x0000000000000000        0x0 binaries/xsh_ipaddr.o
 .note.GNU-stack
                0x0000000000000000        0x0 binaries/xsh_kill.o
 .note.GNU-stack
                0x0000000000000000        0x0 binaries/xsh_memdump.o
 .note.GNU-stack
                0x0000000000000000        0x0 binaries/xsh_memstat.o
 .note.GNU-stack
                0x0000000000000000        0x0 binaries/xsh_ping.o
 .note.GNU-stack
                0x0000000000000000        0x0 binaries/xsh_ps.o
 .note.GNU-stack
                0x0000000000000000        0x0 binaries/xsh_sleep.o
 .note.GNU-stack
                0x0000000000000000        0x0 binaries/xsh_udpdump.o
 .note.GNU-stack
                0x0000000000000000        0x0 binaries/xsh_udpecho.o
 .note.GNU-stack
                0x0000000000000000        0x0 binaries/xsh_udpeserver.o
 .note.GNU-stack
                0x0000000000000000        0x0 binaries/xsh_uptime.o
 .note.GNU-stack
                0x0000000000000000        0x0 binaries/host2netca.o
