
Allocating common symbols
Common symbol       size              file

netbufpool          0x4               binaries/net.o
readylist           0x2               binaries/ready.o
rfltab              0x5a0             binaries/rflinit.o
sleepq              0x2               binaries/clkinit.o
nnames              0x4               binaries/naminit.o
udptab              0x168             binaries/udp.o
minheap             0x4               binaries/meminit.o
marks               0x50              binaries/mark.o
currpid             0x4               binaries/initialize.o
Lf_data             0x20c             binaries/lfsinit.o
porttab             0x2d0             binaries/ptinit.o
girmask             0x2               binaries/evec.o
ttytab              0x10c             binaries/ttyinit.o
proctab             0x1f40            binaries/initialize.o
prcount             0x4               binaries/initialize.o
mbuf                0x4               binaries/asyMessageRec.o
lfltab              0xf00             binaries/lflinit.o
rdstab              0x8c              binaries/rdsinit.o
ethertab            0x138             binaries/ethinit.o
NetData             0xa8              binaries/net.o
nmarks              0x4               binaries/mark.o
Defer               0x8               binaries/resched.o
semtab              0x4b0             binaries/initialize.o
maxheap             0x4               binaries/meminit.o
preempt             0x4               binaries/clkinit.o
buftab              0xf0              binaries/bufinit.o
Rf_data             0x18              binaries/rfsinit.o
mkmutex             0x4               binaries/mark.o
clktime             0x4               binaries/clkinit.o
arpcache            0x140             binaries/arp.o
icmptab             0x230             binaries/icmp.o
nbpools             0x4               binaries/bufinit.o
queuetab            0xca0             binaries/queue.o
ptnextid            0x4               binaries/ptinit.o
Ram                 0x19000           binaries/raminit.o
ipoqueue            0x2c              binaries/ip.o
memlist             0x8               binaries/initialize.o
nametab             0x19a0            binaries/naminit.o
ptfree              0x4               binaries/ptinit.o

Memory Configuration

Name             Origin             Length             Attributes
*default*        0x0000000000000000 0xffffffffffffffff

Linker script and memory map

                0x0000000000100000                physbase = 0x100000
                0x0000000000100000                . = physbase
                0x0000000000100000                . = ALIGN (0x1000)

.text           0x0000000000100000    0x15000
                0x0000000000100000                text = ABSOLUTE (.)
 *(.text .text.*)
 .text          0x0000000000100000      0x1a8 binaries/start.o
                0x0000000000100024                start
                0x00000000001000f6                inb
                0x00000000001000fe                inw
                0x0000000000100107                inl
                0x000000000010010f                outb
                0x0000000000100119                outw
                0x0000000000100124                outl
                0x000000000010012e                _rtcin
                0x0000000000100139                ___udivsi3
                0x0000000000100144                ___divsi3
                0x0000000000100150                sbzero
                0x0000000000100160                bcopy
                0x0000000000100174                insw
                0x000000000010018a                outsw
                0x00000000001001a0                lidt
 .text          0x00000000001001a8      0x2d5 binaries/ascdate.o
                0x00000000001001a8                ascdate
 .text          0x000000000010047d       0x4a binaries/asyMessageRec.o
                0x000000000010047d                asyMessageRec
 .text          0x00000000001004c7       0x2f binaries/asyMessageSend.o
                0x00000000001004c7                asyMessageSend
 .text          0x00000000001004f6       0x6c binaries/asyMessageSendMult.o
                0x00000000001004f6                asyMessageSendMult
 .text          0x0000000000100562       0xe4 binaries/asyTest1.o
                0x0000000000100562                asyTest1
 .text          0x0000000000100646       0x74 binaries/asyTest2.o
                0x0000000000100646                asyTest2
 .text          0x00000000001006ba       0x74 binaries/blockTest1.o
                0x00000000001006ba                blockTest1
 .text          0x000000000010072e      0x11e binaries/blockTest2.o
                0x000000000010072e                blockTest2
 .text          0x000000000010084c       0x10 binaries/bufinit.o
                0x000000000010084c                bufinit
 .text          0x000000000010085c       0x5b binaries/cbreg.o
                0x000000000010085c                cbreg
 .text          0x00000000001008b7       0x65 binaries/chprio.o
                0x00000000001008b7                chprio
 .text          0x000000000010091c       0x73 binaries/clkhandler.o
                0x000000000010091c                clkhandler
 .text          0x000000000010098f       0x59 binaries/clkinit.o
                0x000000000010098f                clkinit
 .text          0x00000000001009e8       0x56 binaries/close.o
                0x00000000001009e8                close
 .text          0x0000000000100a3e        0x0 binaries/conf.o
 .text          0x0000000000100a3e       0x5f binaries/control.o
                0x0000000000100a3e                control
 .text          0x0000000000100a9d      0x228 binaries/create.o
                0x0000000000100a9d                create
 .text          0x0000000000100cc5      0x205 binaries/early_imr.o
                0x0000000000100cc5                intel_cln_early_sb_read_reg
                0x0000000000100d1d                intel_cln_early_sb_write_reg
                0x0000000000100dcc                remove_irm_protections
 .text          0x0000000000100eca      0x2d6 binaries/evec.o
                0x0000000000100eca                setirmask
                0x0000000000100efe                set_evec
                0x0000000000100f5a                initevec
                0x0000000000101029                trap
 .text          0x00000000001011a0       0x78 binaries/freebuf.o
                0x00000000001011a0                freebuf
 .text          0x0000000000101218      0x107 binaries/freemem.o
                0x0000000000101218                freemem
 .text          0x000000000010131f       0x65 binaries/getbuf.o
                0x000000000010131f                getbuf
 .text          0x0000000000101384       0x56 binaries/getc.o
                0x0000000000101384                getc
 .text          0x00000000001013da       0x63 binaries/getdev.o
                0x00000000001013da                getdev
 .text          0x000000000010143d       0x77 binaries/getitem.o
                0x000000000010143d                getitem
                0x0000000000101469                getfirst
                0x000000000010148c                getlast
 .text          0x00000000001014b4       0xc2 binaries/getmem.o
                0x00000000001014b4                getmem
 .text          0x0000000000101576        0x6 binaries/getpid.o
                0x0000000000101576                getpid
 .text          0x000000000010157c       0x56 binaries/getprio.o
                0x000000000010157c                getprio
 .text          0x00000000001015d2       0xa5 binaries/getstk.o
                0x00000000001015d2                getstk
 .text          0x0000000000101677       0x34 binaries/gettime.o
                0x0000000000101677                gettime
 .text          0x00000000001016ab      0x191 binaries/getutime.o
                0x00000000001016ab                getutime
 .text          0x000000000010183c       0x56 binaries/init.o
                0x000000000010183c                init
 .text          0x0000000000101892      0x237 binaries/initialize.o
                0x0000000000101892                nulluser
                0x0000000000101a84                stop
                0x0000000000101aa6                delay
 .text          0x0000000000101ac9       0x98 binaries/insert.o
                0x0000000000101ac9                insert
 .text          0x0000000000101b61       0xe1 binaries/insertd.o
                0x0000000000101b61                insertd
 .text          0x0000000000101c42        0x6 binaries/ioerr.o
                0x0000000000101c42                ioerr
 .text          0x0000000000101c48        0x6 binaries/ionull.o
                0x0000000000101c48                ionull
 .text          0x0000000000101c4e       0x2e binaries/jumpcb.o
                0x0000000000101c4e                jumpcb
 .text          0x0000000000101c7c      0x15c binaries/kill.o
                0x0000000000101c7c                kill
 .text          0x0000000000101dd8       0xa5 binaries/kprintf.o
                0x0000000000101dd8                kputc
                0x0000000000101e07                console_init
                0x0000000000101e39                kgetc
                0x0000000000101e5b                kprintf
 .text          0x0000000000101e7d        0x0 binaries/main1.o
 .text          0x0000000000101e7d       0xe7 binaries/main.o
                0x0000000000101e7d                main
 .text          0x0000000000101f64       0x93 binaries/mark.o
                0x0000000000101f64                markinit
                0x0000000000101f81                mark
 .text          0x0000000000101ff7      0x1d7 binaries/meminit.o
                0x0000000000101ff7                meminit
                0x0000000000102160                setsegs
 .text          0x00000000001021ce       0x2b binaries/messageRec.o
                0x00000000001021ce                messageRec
 .text          0x00000000001021f9       0x30 binaries/messageSend.o
                0x00000000001021f9                messageSend
 .text          0x0000000000102229      0x12a binaries/mkbufpool.o
                0x0000000000102229                mkbufpool
 .text          0x0000000000102353       0x16 binaries/mrecv_cb.o
                0x0000000000102353                mrecv_cb
 .text          0x0000000000102369       0x5e binaries/newqueue.o
                0x0000000000102369                newqueue
 .text          0x00000000001023c7       0x20 binaries/onandon.o
                0x00000000001023c7                onandon
 .text          0x00000000001023e7       0x5e binaries/open.o
                0x00000000001023e7                open
 .text          0x0000000000102445       0x1e binaries/panic.o
                0x0000000000102445                panic
 .text          0x0000000000102463      0x27c binaries/pci.o
                0x0000000000102463                pci_init
                0x0000000000102469                find_pci_device
                0x0000000000102527                pci_read_config_byte
                0x0000000000102564                pci_read_config_word
                0x00000000001025a3                pci_read_config_dword
                0x00000000001025e0                pci_write_config_byte
                0x000000000010261b                pci_write_config_word
                0x0000000000102657                pci_write_config_dword
                0x0000000000102692                pci_get_dev_mmio_base_addr
 .text          0x00000000001026df       0x4f binaries/platinit.o
                0x00000000001026df                platinit
 .text          0x000000000010272e       0xa3 binaries/ptclear.o
                0x000000000010272e                _ptclear
 .text          0x00000000001027d1       0x7c binaries/ptcount.o
                0x00000000001027d1                ptcount
 .text          0x000000000010284d       0xeb binaries/ptcreate.o
                0x000000000010284d                ptcreate
 .text          0x0000000000102938       0x64 binaries/ptdelete.o
                0x0000000000102938                ptdelete
 .text          0x000000000010299c       0x88 binaries/ptinit.o
                0x000000000010299c                ptinit
 .text          0x0000000000102a24       0xec binaries/ptrecv.o
                0x0000000000102a24                ptrecv
 .text          0x0000000000102b10       0x67 binaries/ptreset.o
                0x0000000000102b10                ptreset
 .text          0x0000000000102b77      0x10d binaries/ptsend.o
                0x0000000000102b77                ptsend
 .text          0x0000000000102c84       0x5c binaries/putc.o
                0x0000000000102c84                putc
 .text          0x0000000000102ce0       0xb6 binaries/quark_irq.o
                0x0000000000102ce0                quark_irq_routing
 .text          0x0000000000102d96      0x19d binaries/quark_pdat.o
                0x0000000000102d96                get_quark_pdat_entry_data_by_id
                0x0000000000102e63                get_quark_pdat_entry_data_by_desc
 .text          0x0000000000102f33       0xab binaries/queue.o
                0x0000000000102f33                enqueue
                0x0000000000102f93                dequeue
 .text          0x0000000000102fde       0x5e binaries/read.o
                0x0000000000102fde                read
 .text          0x000000000010303c       0x63 binaries/ready.o
                0x000000000010303c                ready
 .text          0x000000000010309f       0xbf binaries/receive.o
                0x000000000010309f                receive
 .text          0x000000000010315e       0x4f binaries/recvclr.o
                0x000000000010315e                recvclr
 .text          0x00000000001031ad       0xb0 binaries/recvtime.o
                0x00000000001031ad                recvtime
 .text          0x000000000010325d      0x139 binaries/resched.o
                0x000000000010325d                resched
                0x0000000000103323                resched_cntl
 .text          0x0000000000103396       0x77 binaries/resume.o
                0x0000000000103396                resume
 .text          0x000000000010340d       0x5a binaries/seek.o
                0x000000000010340d                seek
 .text          0x0000000000103467       0x4f binaries/semcount.o
                0x0000000000103467                semcount
 .text          0x00000000001034b6       0x86 binaries/semcreate.o
                0x00000000001034b6                semcreate
 .text          0x000000000010353c       0xc3 binaries/semdelete.o
                0x000000000010353c                semdelete
 .text          0x00000000001035ff       0xa7 binaries/semreset.o
                0x00000000001035ff                semreset
 .text          0x00000000001036a6      0x154 binaries/sendblk.o
                0x00000000001036a6                sendblk
 .text          0x00000000001037fa       0xb7 binaries/send.o
                0x00000000001037fa                send
 .text          0x00000000001038b1       0x95 binaries/signal.o
                0x00000000001038b1                signal
 .text          0x0000000000103946       0xb2 binaries/signaln.o
                0x0000000000103946                signaln
 .text          0x00000000001039f8       0xdc binaries/sleep.o
                0x00000000001039f8                sleepms
                0x0000000000103a9e                sleep
 .text          0x0000000000103ad4       0xb2 binaries/suspend.o
                0x0000000000103ad4                suspend
 .text          0x0000000000103b86       0x92 binaries/unsleep.o
                0x0000000000103b86                unsleep
 .text          0x0000000000103c18       0x15 binaries/userret.o
                0x0000000000103c18                userret
 .text          0x0000000000103c2d       0xac binaries/wait.o
                0x0000000000103c2d                wait
 .text          0x0000000000103cd9       0x6d binaries/wakeup.o
                0x0000000000103cd9                wakeup
 .text          0x0000000000103d46       0x5e binaries/write.o
                0x0000000000103d46                write
 .text          0x0000000000103da4       0x16 binaries/xdone.o
                0x0000000000103da4                xdone
 .text          0x0000000000103dba       0x23 binaries/yield.o
                0x0000000000103dba                yield
 .text          0x0000000000103ddd        0xe binaries/abs.o
                0x0000000000103ddd                abs
 .text          0x0000000000103deb       0x7d binaries/atoi.o
                0x0000000000103deb                atoi
 .text          0x0000000000103e68       0x7d binaries/atol.o
                0x0000000000103e68                atol
 .text          0x0000000000103ee5       0x18 binaries/bzero.o
                0x0000000000103ee5                bzero
 .text          0x0000000000103efd        0x0 binaries/ctype_.o
 .text          0x0000000000103efd      0x6e7 binaries/doprnt.o
                0x0000000000104051                _doprnt
 .text          0x00000000001045e4      0x678 binaries/doscan.o
                0x00000000001045e4                _doscan
 .text          0x0000000000104c5c      0x6a9 binaries/fdoprnt.o
                0x0000000000104ce0                _fdoprnt
 .text          0x0000000000105305       0x1c binaries/fgetc.o
                0x0000000000105305                fgetc
 .text          0x0000000000105321       0x5c binaries/fgets.o
                0x0000000000105321                fgets
 .text          0x000000000010537d       0x23 binaries/fprintf.o
                0x000000000010537d                fprintf
 .text          0x00000000001053a0       0x29 binaries/fputc.o
                0x00000000001053a0                fputc
 .text          0x00000000001053c9       0x3b binaries/fputs.o
                0x00000000001053c9                fputs
 .text          0x0000000000105404       0x6a binaries/fscanf.o
                0x000000000010543e                fscanf
 .text          0x000000000010546e       0x1f binaries/getchar.o
                0x000000000010546e                getchar
 .text          0x000000000010548d        0xe binaries/labs.o
                0x000000000010548d                labs
 .text          0x000000000010549b       0x32 binaries/memchr.o
                0x000000000010549b                memchr
 .text          0x00000000001054cd       0x49 binaries/memcmp.o
                0x00000000001054cd                memcmp
 .text          0x0000000000105516       0x25 binaries/memcpy.o
                0x0000000000105516                memcpy
 .text          0x000000000010553b       0x1e binaries/memset.o
                0x000000000010553b                memset
 .text          0x0000000000105559       0x32 binaries/printf.o
                0x0000000000105559                printf
 .text          0x000000000010558b       0x23 binaries/putchar.o
                0x000000000010558b                putchar
 .text          0x00000000001055ae      0x1cb binaries/qsort.o
                0x000000000010574e                qsort
 .text          0x0000000000105779       0x45 binaries/rand.o
                0x0000000000105779                srand
                0x0000000000105783                rand
 .text          0x00000000001057be       0x49 binaries/sprintf.o
                0x00000000001057d5                sprintf
 .text          0x0000000000105807       0x57 binaries/sscanf.o
                0x0000000000105830                sscanf
 .text          0x000000000010585e       0x2d binaries/strchr.o
                0x000000000010585e                strchr
 .text          0x000000000010588b       0x43 binaries/strcmp.o
                0x000000000010588b                strcmp
 .text          0x00000000001058ce       0x1a binaries/strcpy.o
                0x00000000001058ce                strcpy
 .text          0x00000000001058e8       0x1c binaries/strlen.o
                0x00000000001058e8                strlen
 .text          0x0000000000105904       0x3c binaries/strncat.o
                0x0000000000105904                strncat
 .text          0x0000000000105940       0x3a binaries/strncmp.o
                0x0000000000105940                strncmp
 .text          0x000000000010597a       0x58 binaries/strncpy.o
                0x000000000010597a                strncpy
 .text          0x00000000001059d2       0x36 binaries/strnlen.o
                0x00000000001059d2                strnlen
 .text          0x0000000000105a08       0x30 binaries/strrchr.o
                0x0000000000105a08                strrchr
 .text          0x0000000000105a38       0x66 binaries/strstr.o
                0x0000000000105a38                strstr
 .text          0x0000000000105a9e      0x10a binaries/ttycontrol.o
                0x0000000000105a9e                ttycontrol
 .text          0x0000000000105ba8       0xaa binaries/ttygetc.o
                0x0000000000105ba8                ttygetc
 .text          0x0000000000105c52      0x48a binaries/ttyhandle_in.o
                0x0000000000105d08                ttyhandle_in
 .text          0x00000000001060dc      0x14c binaries/ttyhandle_out.o
                0x00000000001060dc                ttyhandle_out
 .text          0x0000000000106228       0x84 binaries/ttyhandler.o
                0x0000000000106228                ttyhandler
 .text          0x00000000001062ac      0x15a binaries/ttyinit.o
                0x00000000001062ac                ttyinit
 .text          0x0000000000106406        0xc binaries/ttykickout.o
                0x0000000000106406                ttykickout
 .text          0x0000000000106412       0xac binaries/ttyputc.o
                0x0000000000106412                ttyputc
 .text          0x00000000001064be       0xf3 binaries/ttyread.o
                0x00000000001064be                ttyread
 .text          0x00000000001065b1       0x46 binaries/ttywrite.o
                0x00000000001065b1                ttywrite
 .text          0x00000000001065f7      0x125 binaries/mount.o
                0x00000000001065f7                namlen
                0x000000000010662f                mount
 .text          0x000000000010671c      0x196 binaries/naminit.o
                0x000000000010671c                naminit
 .text          0x00000000001068b2      0x1ff binaries/nammap.o
                0x00000000001068b2                namrepl
                0x00000000001069d3                namcpy
                0x0000000000106a20                nammap
 .text          0x0000000000106ab1       0x4e binaries/namopen.o
                0x0000000000106ab1                namopen
 .text          0x0000000000106aff       0xce binaries/colon2mac.o
                0x0000000000106aff                colon2mac
 .text          0x0000000000106bcd       0x81 binaries/ethcontrol.o
                0x0000000000106bcd                ethcontrol
 .text          0x0000000000106c4e      0x162 binaries/ethhandler.o
                0x0000000000106c4e                ethhandler
 .text          0x0000000000106db0      0x500 binaries/ethinit.o
                0x0000000000106db0                eth_phy_read
                0x0000000000106ded                eth_phy_write
                0x0000000000106e2d                eth_phy_reset
                0x0000000000106f07                ethinit
 .text          0x00000000001072b0       0xee binaries/ethmcast.o
                0x00000000001072b0                ethmcast_add
                0x00000000001072fd                ethmcast_remove
 .text          0x000000000010739e      0x14f binaries/ethread.o
                0x000000000010739e                ethread
 .text          0x00000000001074ed       0xc3 binaries/ethwrite.o
                0x00000000001074ed                ethwrite
 .text          0x00000000001075b0       0x66 binaries/rdsbufalloc.o
                0x00000000001075b0                rdsbufalloc
 .text          0x0000000000107616       0xc2 binaries/rdsclose.o
                0x0000000000107616                rdsclose
 .text          0x00000000001076d8      0x1ea binaries/rdscomm.o
                0x00000000001076d8                rdscomm
 .text          0x00000000001078c2      0x1c2 binaries/rdscontrol.o
                0x00000000001078c2                rdscontrol
 .text          0x0000000000107a84      0x1e3 binaries/rdsinit.o
                0x0000000000107a84                rdsinit
 .text          0x0000000000107c67      0x1a1 binaries/rdsopen.o
                0x0000000000107c67                rdsopen
 .text          0x0000000000107e08      0x2ab binaries/rdsprocess.o
                0x0000000000107e08                rdsprocess
 .text          0x00000000001080b3      0x1e2 binaries/rdsread.o
                0x00000000001080b3                rdsread
 .text          0x0000000000108295      0x1ac binaries/rdswrite.o
                0x0000000000108295                rdswrite
 .text          0x0000000000108441        0x6 binaries/ramclose.o
                0x0000000000108441                ramclose
 .text          0x0000000000108447       0x34 binaries/raminit.o
                0x0000000000108447                raminit
 .text          0x000000000010847b        0x7 binaries/ramopen.o
                0x000000000010847b                ramopen
 .text          0x0000000000108482       0x27 binaries/ramread.o
                0x0000000000108482                ramread
 .text          0x00000000001084a9       0x27 binaries/ramwrite.o
                0x00000000001084a9                ramwrite
 .text          0x00000000001084d0       0x87 binaries/lfdballoc.o
                0x00000000001084d0                lfdballoc
 .text          0x0000000000108557       0x4d binaries/lfdbfree.o
                0x0000000000108557                lfdbfree
 .text          0x00000000001085a4       0x9f binaries/lfflush.o
                0x00000000001085a4                lfflush
 .text          0x0000000000108643       0x7a binaries/lfgetmode.o
                0x0000000000108643                lfgetmode
 .text          0x00000000001086bd       0x5f binaries/lfiballoc.o
                0x00000000001086bd                lfiballoc
 .text          0x000000000010871c       0x25 binaries/lfibclear.o
                0x000000000010871c                lfibclear
 .text          0x0000000000108741       0x74 binaries/lfibget.o
                0x0000000000108741                lfibget
 .text          0x00000000001087b5       0x91 binaries/lfibput.o
                0x00000000001087b5                lfibput
 .text          0x0000000000108846       0xa1 binaries/lflclose.o
                0x0000000000108846                lflclose
 .text          0x00000000001088e7       0xbe binaries/lflcontrol.o
                0x00000000001088e7                lflcontrol
 .text          0x00000000001089a5       0xf8 binaries/lflgetc.o
                0x00000000001089a5                lflgetc
 .text          0x0000000000108a9d       0xe4 binaries/lflinit.o
                0x0000000000108a9d                lflinit
 .text          0x0000000000108b81      0x123 binaries/lflputc.o
                0x0000000000108b81                lflputc
 .text          0x0000000000108ca4       0x6a binaries/lflread.o
                0x0000000000108ca4                lflread
 .text          0x0000000000108d0e       0xb8 binaries/lflseek.o
                0x0000000000108d0e                lflseek
 .text          0x0000000000108dc6       0x4e binaries/lflwrite.o
                0x0000000000108dc6                lflwrite
 .text          0x0000000000108e14      0x11a binaries/lfsckfmt.o
                0x0000000000108e14                lfsckfmt
 .text          0x0000000000108f2e      0x1bd binaries/lfscreate.o
                0x0000000000108f2e                lfscreate
 .text          0x00000000001090eb      0x1a4 binaries/lfsetup.o
                0x00000000001090eb                lfsetup
 .text          0x000000000010928f       0x44 binaries/lfsinit.o
                0x000000000010928f                lfsinit
 .text          0x00000000001092d3      0x2ff binaries/lfsopen.o
                0x00000000001092d3                lfsopen
 .text          0x00000000001095d2      0x11d binaries/lftruncate.o
                0x00000000001095d2                lftruncate
 .text          0x00000000001096ef       0x69 binaries/rflclose.o
                0x00000000001096ef                rflclose
 .text          0x0000000000109758       0x2b binaries/rflgetc.o
                0x0000000000109758                rflgetc
 .text          0x0000000000109783       0x69 binaries/rflinit.o
                0x0000000000109783                rflinit
 .text          0x00000000001097ec       0x2c binaries/rflputc.o
                0x00000000001097ec                rflputc
 .text          0x0000000000109818      0x2ce binaries/rflread.o
                0x0000000000109818                rflread
 .text          0x0000000000109ae6       0x69 binaries/rflseek.o
                0x0000000000109ae6                rflseek
 .text          0x0000000000109b4f      0x2ec binaries/rflwrite.o
                0x0000000000109b4f                rflwrite
 .text          0x0000000000109e3b      0x17c binaries/rfscomm.o
                0x0000000000109e3b                rfscomm
 .text          0x0000000000109fb7      0x246 binaries/rfscontrol.o
                0x0000000000109fb7                rfscontrol
 .text          0x000000000010a1fd       0x7a binaries/rfsgetmode.o
                0x000000000010a1fd                rfsgetmode
 .text          0x000000000010a277       0x7d binaries/rfsinit.o
                0x000000000010a277                rfsinit
 .text          0x000000000010a2f4       0xb7 binaries/rfsndmsg.o
                0x000000000010a2f4                rfsndmsg
 .text          0x000000000010a3ab      0x24f binaries/rfsopen.o
                0x000000000010a3ab                rfsopen
 .text          0x000000000010a5fa      0x619 binaries/arp.o
                0x000000000010a5fa                arp_init
                0x000000000010a612                arp_alloc
                0x000000000010a6b6                arp_ntoh
                0x000000000010a720                arp_hton
                0x000000000010a78a                arp_resolve
                0x000000000010a9dc                arp_in
 .text          0x000000000010ac13      0x59d binaries/dhcp.o
                0x000000000010ac13                dhcp_get_opt_val
                0x000000000010ac66                dhcp_bld_bootp_msg
                0x000000000010ad34                dhcp_bld_disc
                0x000000000010ad84                dhcp_bld_req
                0x000000000010ae1e                getlocalip
 .text          0x000000000010b1b0       0xd7 binaries/dot2ip.o
                0x000000000010b1b0                dot2ip
 .text          0x000000000010b287      0x379 binaries/hexdump.o
                0x000000000010b287                hexdump
                0x000000000010b3d7                hexadump
 .text          0x000000000010b600      0x6dc binaries/icmp.o
                0x000000000010b600                icmp_init
                0x000000000010b618                icmp_register
                0x000000000010b6d6                icmp_recv
                0x000000000010b879                icmp_mkpkt
                0x000000000010b94a                icmp_in
                0x000000000010badd                icmp_send
                0x000000000010bb4c                icmp_release
                0x000000000010bc5b                icmp_cksum
                0x000000000010bcb4                icmp_hton
                0x000000000010bcc8                icmp_ntoh
 .text          0x000000000010bcdc      0x5ca binaries/ip.o
                0x000000000010bcdc                ip_local
                0x000000000010bd1c                ipcksum
                0x000000000010bd69                ip_ntoh
                0x000000000010bdd3                ip_in
                0x000000000010bef6                ip_hton
                0x000000000010bf60                ip_out
                0x000000000010c013                ip_send
                0x000000000010c11f                ipout
                0x000000000010c20f                ip_enqueue
 .text          0x000000000010c2a6      0x1a8 binaries/net.o
                0x000000000010c2a6                net_init
                0x000000000010c39c                eth_hton
                0x000000000010c3a6                eth_ntoh
                0x000000000010c3b0                netin
 .text          0x000000000010c44e       0xb3 binaries/netstart.o
                0x000000000010c44e                netstart
 .text          0x000000000010c501      0xa2d binaries/pdump.o
                0x000000000010c501                pdump
                0x000000000010cae5                pdumph
 .text          0x000000000010cf2e      0x5c8 binaries/tftp.o
                0x000000000010cf2e                tftp_send1
                0x000000000010d04a                tftpget_mb
                0x000000000010d4cf                tftpget
 .text          0x000000000010d4f6      0x9fe binaries/udp.o
                0x000000000010d4f6                udp_init
                0x000000000010d533                udp_in
                0x000000000010d652                udp_register
                0x000000000010d76f                udp_recv
                0x000000000010d8fc                udp_recvaddr
                0x000000000010da9d                udp_send
                0x000000000010dc58                udp_sendto
                0x000000000010ddcb                udp_release
                0x000000000010decc                udp_ntoh
                0x000000000010dee0                udp_hton
 .text          0x000000000010def4      0x12e binaries/addargs.o
                0x000000000010def4                addargs
 .text          0x000000000010e022      0x130 binaries/lab1cmd2.o
                0x000000000010e022                lab1cmd2
 .text          0x000000000010e152      0x131 binaries/lab1cmd3.o
                0x000000000010e152                lab1cmd3
 .text          0x000000000010e283      0x137 binaries/lab1cmd4.o
                0x000000000010e283                lab1cmd4
 .text          0x000000000010e3ba      0x12f binaries/lab1cmd.o
                0x000000000010e3ba                lab1cmd
 .text          0x000000000010e4e9      0x1e2 binaries/lexan.o
                0x000000000010e4e9                lexan
 .text          0x000000000010e6cb      0x5b0 binaries/shell.o
                0x000000000010e6cb                shell
 .text          0x000000000010ec7b       0x57 binaries/xsh_argecho.o
                0x000000000010ec7b                xsh_argecho
 .text          0x000000000010ecd2      0x1f8 binaries/xsh_arp.o
                0x000000000010ecd2                xsh_arp
 .text          0x000000000010eeca      0x1ea binaries/xsh_cat.o
                0x000000000010eeca                xsh_cat
 .text          0x000000000010f0b4       0x53 binaries/xsh_clear.o
                0x000000000010f0b4                xsh_clear
 .text          0x000000000010f107      0x26e binaries/xsh_date.o
                0x000000000010f107                xsh_date
 .text          0x000000000010f375       0x83 binaries/xsh_devdump.o
                0x000000000010f375                xsh_devdump
 .text          0x000000000010f3f8       0x5e binaries/xsh_echo.o
                0x000000000010f3f8                xsh_echo
 .text          0x000000000010f456        0x6 binaries/xsh_exit.o
                0x000000000010f456                xsh_exit
 .text          0x000000000010f45c      0x326 binaries/xsh_help.o
                0x000000000010f45c                xsh_help
 .text          0x000000000010f782      0x379 binaries/xsh_ipaddr.o
                0x000000000010f782                xsh_ipaddr
 .text          0x000000000010fafb      0x1c1 binaries/xsh_kill.o
                0x000000000010fafb                xsh_kill
 .text          0x000000000010fcbc      0x3d1 binaries/xsh_memdump.o
                0x000000000010fd7e                xsh_memdump
 .text          0x000000000011008d      0x1cb binaries/xsh_memstat.o
                0x000000000011008d                xsh_memstat
 .text          0x0000000000110258      0x29b binaries/xsh_ping.o
                0x0000000000110258                xsh_ping
 .text          0x00000000001104f3      0x1a0 binaries/xsh_ps.o
                0x00000000001104f3                xsh_ps
 .text          0x0000000000110693      0x1ab binaries/xsh_sleep.o
                0x0000000000110693                xsh_sleep
 .text          0x000000000011083e      0x1cc binaries/xsh_udpdump.o
                0x000000000011083e                xsh_udpdump
 .text          0x0000000000110a0a      0x3ca binaries/xsh_udpecho.o
                0x0000000000110a0a                xsh_udpecho
 .text          0x0000000000110dd4      0x21b binaries/xsh_udpeserver.o
                0x0000000000110dd4                xsh_udpeserver
 .text          0x0000000000110fef      0x1b4 binaries/xsh_uptime.o
                0x0000000000110fef                xsh_uptime
 .text          0x00000000001111a3       0x13 binaries/clkdisp.o
                0x00000000001111a3                clkdisp
 .text          0x00000000001111b6       0x19 binaries/ctxsw.o
                0x00000000001111b6                ctxsw
 .text          0x00000000001111cf      0x368 binaries/intr.o
                0x00000000001111cf                disable
                0x00000000001111d8                restore
                0x00000000001111e6                enable
                0x00000000001111e8                pause
                0x00000000001111ef                halt
                0x00000000001111f2                spurious_irq7
                0x00000000001111f7                spurious_irq15
                0x0000000000111206                _Xint0
                0x0000000000111211                _Xint1
                0x000000000011121c                _Xint2
                0x0000000000111227                _Xint3
                0x0000000000111232                _Xint4
                0x000000000011123d                _Xint5
                0x0000000000111248                _Xint6
                0x0000000000111253                _Xint7
                0x000000000011125e                _Xint8
                0x0000000000111269                _Xint9
                0x0000000000111274                _Xint10
                0x000000000011127f                _Xint11
                0x000000000011128d                _Xint12
                0x000000000011129b                _Xint13
                0x00000000001112a9                _Xint14
                0x00000000001112b7                _Xint15
                0x00000000001112c5                _Xint16
                0x00000000001112d3                _Xint17
                0x00000000001112e1                _Xint18
                0x00000000001112ef                _Xint19
                0x00000000001112fd                _Xint20
                0x000000000011130b                _Xint21
                0x0000000000111319                _Xint22
                0x0000000000111327                _Xint23
                0x0000000000111335                _Xint24
                0x0000000000111343                _Xint25
                0x0000000000111351                _Xint26
                0x000000000011135f                _Xint27
                0x000000000011136d                _Xint28
                0x000000000011137b                _Xint29
                0x0000000000111389                _Xint30
                0x0000000000111397                _Xint31
                0x00000000001113a5                _Xint32
                0x00000000001113b3                _Xint33
                0x00000000001113c1                _Xint34
                0x00000000001113cf                _Xint35
                0x00000000001113dd                _Xint36
                0x00000000001113eb                _Xint37
                0x00000000001113f9                _Xint38
                0x0000000000111407                _Xint39
                0x0000000000111415                _Xint40
                0x0000000000111423                _Xint41
                0x0000000000111431                _Xint42
                0x000000000011143f                _Xint43
                0x000000000011144d                _Xint44
                0x000000000011145b                _Xint45
                0x0000000000111469                _Xint46
                0x0000000000111477                defevec
 .text          0x0000000000111537        0xf binaries/ttydispatch.o
                0x0000000000111537                ttydispatch
 .text          0x0000000000111546       0x13 binaries/ethdispatch.o
                0x0000000000111546                ethdispatch
 *(.rodata .rodata.*)
 .rodata.str1.1
                0x0000000000111559       0x54 binaries/ascdate.o
 *fill*         0x00000000001115ad        0x3 
 .rodata.str1.4
                0x00000000001115b0       0x22 binaries/ascdate.o
 .rodata.str1.1
                0x00000000001115d2       0x24 binaries/asyMessageRec.o
 *fill*         0x00000000001115f6        0x2 
 .rodata.str1.4
                0x00000000001115f8       0x3d binaries/asyMessageSend.o
 .rodata.str1.4
                0x0000000000111635       0x3d binaries/asyMessageSendMult.o
 .rodata.str1.1
                0x0000000000111635       0x23 binaries/asyTest1.o
 .rodata.str1.1
                0x0000000000111658       0x11 binaries/asyTest2.o
 .rodata.str1.1
                0x0000000000111658       0x10 binaries/blockTest1.o
 .rodata.str1.1
                0x0000000000111668       0x10 binaries/blockTest2.o
 .rodata.str1.1
                0x0000000000111668       0x5f binaries/conf.o
 *fill*         0x00000000001116c7        0x1 
 .rodata.str1.4
                0x00000000001116c8       0x4f binaries/early_imr.o
 *fill*         0x0000000000111717        0x1 
 .rodata        0x0000000000111718       0x33 binaries/early_imr.o
 .rodata.str1.1
                0x000000000011174b      0x20c binaries/evec.o
 *fill*         0x0000000000111957        0x1 
 .rodata.str1.4
                0x0000000000111958       0x23 binaries/evec.o
 .rodata.str1.1
                0x000000000011197b        0xb binaries/getutime.o
 *fill*         0x0000000000111986        0x2 
 .rodata.str1.4
                0x0000000000111988       0x54 binaries/getutime.o
 .rodata.str1.1
                0x00000000001119dc       0x63 binaries/initialize.o
                                         0x67 (size before relaxing)
 *fill*         0x0000000000111a3f        0x1 
 .rodata.str1.4
                0x0000000000111a40       0xd4 binaries/initialize.o
 .rodata        0x0000000000111b14       0x20 binaries/kill.o
 .rodata.str1.1
                0x0000000000111b34       0x45 binaries/main.o
 *fill*         0x0000000000111b79        0x3 
 .rodata.str1.4
                0x0000000000111b7c      0x153 binaries/main.o
 *fill*         0x0000000000111ccf        0x1 
 .rodata.str1.4
                0x0000000000111cd0       0x23 binaries/meminit.o
 .rodata.str1.1
                0x0000000000111cf3       0x1b binaries/meminit.o
 *fill*         0x0000000000111d0e        0x2 
 .rodata.str1.4
                0x0000000000111d10       0x20 binaries/messageRec.o
 .rodata.str1.4
                0x0000000000111d30       0x3d binaries/messageSend.o
 .rodata.str1.1
                0x0000000000111d30        0xf binaries/panic.o
 .rodata.str1.1
                0x0000000000111d3f       0x1c binaries/ptinit.o
 *fill*         0x0000000000111d5b        0x1 
 .rodata.str1.4
                0x0000000000111d5c       0x25 binaries/ptsend.o
 .rodata.str1.1
                0x0000000000111d81       0x22 binaries/quark_pdat.o
 .rodata.str1.1
                0x0000000000111da3       0x31 binaries/sendblk.o
 .rodata.str1.4
                0x0000000000111dd4       0x27 binaries/xdone.o
 *fill*         0x0000000000111dfb        0x5 
 .rodata        0x0000000000111e00       0x81 binaries/ctype_.o
                0x0000000000111e00                _ctype_
 .rodata.str1.1
                0x0000000000111e81       0x29 binaries/doprnt.o
 *fill*         0x0000000000111eaa        0x2 
 .rodata        0x0000000000111eac       0xc4 binaries/doprnt.o
 .rodata        0x0000000000111f70       0x98 binaries/doscan.o
 .rodata.str1.1
                0x0000000000112008       0x29 binaries/fdoprnt.o
 .rodata        0x0000000000112008       0x84 binaries/fdoprnt.o
 .rodata        0x000000000011208c       0x20 binaries/ttycontrol.o
 .rodata.str1.4
                0x00000000001120ac       0x4c binaries/naminit.o
 .rodata.str1.1
                0x00000000001120f8       0x32 binaries/naminit.o
                                         0x35 (size before relaxing)
 .rodata.str1.1
                0x000000000011212a       0x15 binaries/ethinit.o
 *fill*         0x000000000011213f        0x1 
 .rodata.str1.4
                0x0000000000112140       0x2e binaries/ethinit.o
 *fill*         0x000000000011216e        0x2 
 .rodata.str1.4
                0x0000000000112170       0x2c binaries/rdsbufalloc.o
 .rodata.str1.4
                0x000000000011219c       0x76 binaries/rdscomm.o
 *fill*         0x0000000000112212        0x2 
 .rodata.str1.4
                0x0000000000112214       0x48 binaries/rdscontrol.o
 .rodata.str1.4
                0x000000000011225c       0x7e binaries/rdsinit.o
 .rodata.str1.1
                0x00000000001122da       0x18 binaries/rdsinit.o
 *fill*         0x00000000001122f2        0x2 
 .rodata.str1.4
                0x00000000001122f4       0x22 binaries/rdsopen.o
 *fill*         0x0000000000112316        0x2 
 .rodata.str1.4
                0x0000000000112318       0x4d binaries/rdsprocess.o
 .rodata.str1.1
                0x0000000000112365        0x9 binaries/raminit.o
 .rodata.str1.1
                0x000000000011236e       0x13 binaries/lfdballoc.o
 *fill*         0x0000000000112381        0x3 
 .rodata.str1.4
                0x0000000000112384       0x23 binaries/lfdballoc.o
 .rodata.str1.1
                0x00000000001123a7       0x14 binaries/lfiballoc.o
 *fill*         0x00000000001123bb        0x1 
 .rodata.str1.4
                0x00000000001123bc       0x23 binaries/lflcontrol.o
 .rodata.str1.1
                0x00000000001123df       0x64 binaries/lfsckfmt.o
 *fill*         0x0000000000112443        0x1 
 .rodata.str1.4
                0x0000000000112444       0x51 binaries/lfsckfmt.o
 *fill*         0x0000000000112495        0x3 
 .rodata.str1.4
                0x0000000000112498       0x21 binaries/rflread.o
 .rodata.str1.4
                0x00000000001124b9       0x21 binaries/rflwrite.o
 *fill*         0x00000000001124b9        0x3 
 .rodata.str1.4
                0x00000000001124bc       0x75 binaries/rfscomm.o
 *fill*         0x0000000000112531        0x3 
 .rodata.str1.4
                0x0000000000112534       0x23 binaries/rfscontrol.o
 *fill*         0x0000000000112557        0x1 
 .rodata        0x0000000000112558       0x18 binaries/rfscontrol.o
 .rodata.str1.1
                0x0000000000112570       0x10 binaries/rfsinit.o
 .rodata.str1.4
                0x0000000000112570       0x57 binaries/rfsinit.o
 *fill*         0x00000000001125c7        0x1 
 .rodata.str1.4
                0x00000000001125c8       0x2a binaries/rfsndmsg.o
 .rodata.str1.4
                0x00000000001125f2       0x22 binaries/rfsopen.o
 .rodata.str1.1
                0x00000000001125f2       0x19 binaries/arp.o
 *fill*         0x000000000011260b        0x1 
 .rodata.str1.4
                0x000000000011260c       0x21 binaries/arp.o
 *fill*         0x000000000011262d        0x3 
 .rodata.str1.4
                0x0000000000112630       0xa6 binaries/dhcp.o
 .rodata.str1.1
                0x00000000001126d6       0x4a binaries/dhcp.o
 .rodata.str1.1
                0x0000000000112720       0x5a binaries/hexdump.o
                                         0x61 (size before relaxing)
 *fill*         0x000000000011277a        0x2 
 .rodata.str1.4
                0x000000000011277c       0x67 binaries/hexdump.o
 *fill*         0x00000000001127e3        0x1 
 .rodata.str1.4
                0x00000000001127e4       0x29 binaries/icmp.o
 .rodata.str1.1
                0x000000000011280d       0x4e binaries/ip.o
 *fill*         0x000000000011285b        0x1 
 .rodata.str1.4
                0x000000000011285c       0x20 binaries/ip.o
 .rodata.str1.4
                0x000000000011287c       0x28 binaries/net.o
 .rodata.str1.1
                0x00000000001128a4       0x27 binaries/net.o
 *fill*         0x00000000001128cb        0x1 
 .rodata.str1.4
                0x00000000001128cc       0xcf binaries/netstart.o
 .rodata.str1.1
                0x000000000011299b      0x141 binaries/pdump.o
                                        0x14b (size before relaxing)
 .rodata.str1.4
                0x0000000000112adc      0x126 binaries/pdump.o
 *fill*         0x0000000000112c02        0x2 
 .rodata.str1.4
                0x0000000000112c04      0x148 binaries/tftp.o
 .rodata.str1.1
                0x0000000000112d4c        0x6 binaries/tftp.o
                                          0xa (size before relaxing)
 *fill*         0x0000000000112d52        0x2 
 .rodata.str1.4
                0x0000000000112d54       0x6f binaries/lab1cmd2.o
 .rodata.str1.1
                0x0000000000112dc3        0xe binaries/lab1cmd2.o
 *fill*         0x0000000000112dd1        0x3 
 .rodata.str1.4
                0x0000000000112dd4       0x1f binaries/lab1cmd3.o
                                         0x6f (size before relaxing)
 .rodata.str1.1
                0x0000000000112df3        0xe binaries/lab1cmd3.o
 *fill*         0x0000000000112e01        0x3 
 .rodata.str1.4
                0x0000000000112e04       0x21 binaries/lab1cmd4.o
                                         0x73 (size before relaxing)
 .rodata.str1.1
                0x0000000000112e25        0xe binaries/lab1cmd4.o
 .rodata.str1.1
                0x0000000000112e33       0x2b binaries/lab1cmd.o
 .rodata.str1.4
                0x0000000000112e5e       0x4f binaries/lab1cmd.o
 .rodata.str1.1
                0x0000000000112e5e       0xfb binaries/shell.o
                                        0x117 (size before relaxing)
 *fill*         0x0000000000112f59        0x3 
 .rodata.str1.4
                0x0000000000112f5c      0x1c4 binaries/shell.o
 .rodata        0x0000000000113120      0x12c binaries/shell.o
                0x0000000000113120                cmdtab
 .rodata.str1.1
                0x000000000011324c       0x26 binaries/xsh_argecho.o
                                         0x28 (size before relaxing)
 .rodata.str1.1
                0x0000000000113272       0x70 binaries/xsh_arp.o
                                         0x72 (size before relaxing)
 *fill*         0x00000000001132e2        0x2 
 .rodata.str1.4
                0x00000000001132e4       0xb4 binaries/xsh_arp.o
 .rodata.str1.1
                0x0000000000113398       0x2d binaries/xsh_cat.o
                                         0x4f (size before relaxing)
 *fill*         0x00000000001133c5        0x3 
 .rodata.str1.4
                0x00000000001133c8       0x52 binaries/xsh_cat.o
                                         0x79 (size before relaxing)
 .rodata.str1.1
                0x000000000011341a       0x15 binaries/xsh_clear.o
 .rodata.str1.1
                0x000000000011342f       0x46 binaries/xsh_date.o
                                         0x5f (size before relaxing)
 *fill*         0x0000000000113475        0x3 
 .rodata.str1.4
                0x0000000000113478      0x163 binaries/xsh_date.o
 .rodata.str1.1
                0x00000000001135db       0x5d binaries/xsh_devdump.o
 .rodata.str1.1
                0x0000000000113638        0x4 binaries/xsh_echo.o
                                          0x9 (size before relaxing)
 .rodata.str1.1
                0x000000000011363c       0x65 binaries/xsh_help.o
                                         0xa3 (size before relaxing)
 *fill*         0x00000000001136a1        0x3 
 .rodata.str1.4
                0x00000000001136a4       0x7c binaries/xsh_help.o
                                         0xc6 (size before relaxing)
 .rodata.str1.1
                0x0000000000113720       0x9c binaries/xsh_ipaddr.o
                                         0xf8 (size before relaxing)
 .rodata.str1.4
                0x00000000001137bc       0x4d binaries/xsh_ipaddr.o
                                         0x99 (size before relaxing)
 .rodata.str1.1
                0x0000000000113809       0x78 binaries/xsh_kill.o
                                         0x97 (size before relaxing)
 *fill*         0x0000000000113881        0x3 
 .rodata.str1.4
                0x0000000000113884       0x4a binaries/xsh_kill.o
                                         0x96 (size before relaxing)
 .rodata.str1.1
                0x00000000001138ce       0x81 binaries/xsh_memdump.o
                                         0xa8 (size before relaxing)
 *fill*         0x000000000011394f        0x1 
 .rodata.str1.4
                0x0000000000113950      0x15a binaries/xsh_memdump.o
                                        0x1aa (size before relaxing)
 .rodata.str1.1
                0x0000000000113aaa       0x40 binaries/xsh_memstat.o
                                         0x79 (size before relaxing)
 *fill*         0x0000000000113aea        0x2 
 .rodata.str1.4
                0x0000000000113aec      0x187 binaries/xsh_memstat.o
                                        0x1af (size before relaxing)
 .rodata.str1.1
                0x0000000000113c73       0x90 binaries/xsh_ping.o
                                         0xaf (size before relaxing)
 *fill*         0x0000000000113d03        0x1 
 .rodata.str1.4
                0x0000000000113d04       0x77 binaries/xsh_ping.o
                                         0xc6 (size before relaxing)
 .rodata.str1.1
                0x0000000000113d7b       0x74 binaries/xsh_ps.o
                                         0xd5 (size before relaxing)
 *fill*         0x0000000000113def        0x1 
 .rodata.str1.4
                0x0000000000113df0       0x80 binaries/xsh_ps.o
                                         0xd0 (size before relaxing)
 *fill*         0x0000000000113e70       0x10 
 .rodata        0x0000000000113e80       0x20 binaries/xsh_ps.o
 .rodata.str1.1
                0x0000000000113ea0       0x31 binaries/xsh_sleep.o
                                         0x72 (size before relaxing)
 *fill*         0x0000000000113ed1        0x3 
 .rodata.str1.4
                0x0000000000113ed4       0x2a binaries/xsh_sleep.o
                                         0x7a (size before relaxing)
 .rodata.str1.1
                0x0000000000113efe       0x6b binaries/xsh_udpdump.o
                                         0xd2 (size before relaxing)
 *fill*         0x0000000000113f69        0x3 
 .rodata.str1.4
                0x0000000000113f6c       0x94 binaries/xsh_udpdump.o
                                         0xe4 (size before relaxing)
 .rodata.str1.1
                0x0000000000114000       0xdb binaries/xsh_udpecho.o
                                         0xfa (size before relaxing)
 *fill*         0x00000000001140db        0x1 
 .rodata.str1.4
                0x00000000001140dc       0xc7 binaries/xsh_udpecho.o
                                        0x116 (size before relaxing)
 .rodata.str1.1
                0x00000000001141a3       0x66 binaries/xsh_udpeserver.o
                                         0x8f (size before relaxing)
 *fill*         0x0000000000114209        0x3 
 .rodata.str1.4
                0x000000000011420c       0x29 binaries/xsh_udpeserver.o
                                         0x9f (size before relaxing)
 .rodata.str1.1
                0x0000000000114235       0x49 binaries/xsh_uptime.o
                                         0x8c (size before relaxing)
 *fill*         0x000000000011427e        0x2 
 .rodata.str1.4
                0x0000000000114280       0x28 binaries/xsh_uptime.o
                                         0x76 (size before relaxing)
                0x00000000001142a8                etext = ABSOLUTE (.)
                0x0000000000115000                . = ALIGN (0x1000)
 *fill*         0x00000000001142a8      0xd58 

.eh_frame       0x0000000000115000     0x6c58
 .eh_frame      0x0000000000115000       0x78 binaries/ascdate.o
 .eh_frame      0x0000000000115078       0x38 binaries/asyMessageRec.o
                                         0x50 (size before relaxing)
 .eh_frame      0x00000000001150b0       0x40 binaries/asyMessageSend.o
                                         0x58 (size before relaxing)
 .eh_frame      0x00000000001150f0       0x70 binaries/asyMessageSendMult.o
                                         0x88 (size before relaxing)
 .eh_frame      0x0000000000115160       0x9c binaries/asyTest1.o
                                         0xb4 (size before relaxing)
 .eh_frame      0x00000000001151fc       0x50 binaries/asyTest2.o
                                         0x68 (size before relaxing)
 .eh_frame      0x000000000011524c       0x50 binaries/blockTest1.o
                                         0x68 (size before relaxing)
 .eh_frame      0x000000000011529c       0xbc binaries/blockTest2.o
                                         0xd4 (size before relaxing)
 .eh_frame      0x0000000000115358       0x14 binaries/bufinit.o
                                         0x2c (size before relaxing)
 .eh_frame      0x000000000011536c       0x2c binaries/cbreg.o
                                         0x44 (size before relaxing)
 .eh_frame      0x0000000000115398       0x40 binaries/chprio.o
                                         0x58 (size before relaxing)
 .eh_frame      0x00000000001153d8       0x18 binaries/clkhandler.o
                                         0x30 (size before relaxing)
 .eh_frame      0x00000000001153f0       0x3c binaries/clkinit.o
                                         0x54 (size before relaxing)
 .eh_frame      0x000000000011542c       0x3c binaries/close.o
                                         0x54 (size before relaxing)
 .eh_frame      0x0000000000115468       0x44 binaries/control.o
                                         0x5c (size before relaxing)
 .eh_frame      0x00000000001154ac       0x5c binaries/create.o
                                         0x74 (size before relaxing)
 .eh_frame      0x0000000000115508      0x148 binaries/early_imr.o
                                        0x160 (size before relaxing)
 .eh_frame      0x0000000000115650      0x1a8 binaries/evec.o
                                        0x1c0 (size before relaxing)
 .eh_frame      0x00000000001157f8       0x50 binaries/freebuf.o
                                         0x68 (size before relaxing)
 .eh_frame      0x0000000000115848       0x58 binaries/freemem.o
                                         0x70 (size before relaxing)
 .eh_frame      0x00000000001158a0       0x40 binaries/getbuf.o
                                         0x58 (size before relaxing)
 .eh_frame      0x00000000001158e0       0x3c binaries/getc.o
                                         0x54 (size before relaxing)
 .eh_frame      0x000000000011591c       0x5c binaries/getdev.o
                                         0x74 (size before relaxing)
 .eh_frame      0x0000000000115978       0x4c binaries/getitem.o
                                         0x64 (size before relaxing)
 .eh_frame      0x00000000001159c4       0x50 binaries/getmem.o
                                         0x68 (size before relaxing)
 .eh_frame      0x0000000000115a14       0x14 binaries/getpid.o
                                         0x2c (size before relaxing)
 .eh_frame      0x0000000000115a28       0x34 binaries/getprio.o
                                         0x4c (size before relaxing)
 .eh_frame      0x0000000000115a5c       0x58 binaries/getstk.o
                                         0x70 (size before relaxing)
 .eh_frame      0x0000000000115ab4       0x20 binaries/gettime.o
                                         0x38 (size before relaxing)
 .eh_frame      0x0000000000115ad4       0x8c binaries/getutime.o
                                         0xa4 (size before relaxing)
 .eh_frame      0x0000000000115b60       0x3c binaries/init.o
                                         0x54 (size before relaxing)
 .eh_frame      0x0000000000115b9c       0xdc binaries/initialize.o
                                         0xf4 (size before relaxing)
 .eh_frame      0x0000000000115c78       0x24 binaries/insert.o
                                         0x3c (size before relaxing)
 .eh_frame      0x0000000000115c9c       0x38 binaries/insertd.o
                                         0x50 (size before relaxing)
 .eh_frame      0x0000000000115cd4       0x14 binaries/ioerr.o
                                         0x2c (size before relaxing)
 .eh_frame      0x0000000000115ce8       0x14 binaries/ionull.o
                                         0x2c (size before relaxing)
 .eh_frame      0x0000000000115cfc       0x18 binaries/jumpcb.o
                                         0x30 (size before relaxing)
 .eh_frame      0x0000000000115d14       0x78 binaries/kill.o
                                         0x90 (size before relaxing)
 .eh_frame      0x0000000000115d8c       0x80 binaries/kprintf.o
                                         0x98 (size before relaxing)
 .eh_frame      0x0000000000115e0c       0x2c binaries/main.o
                                         0x44 (size before relaxing)
 .eh_frame      0x0000000000115e38       0x4c binaries/mark.o
                                         0x64 (size before relaxing)
 .eh_frame      0x0000000000115e84       0x74 binaries/meminit.o
                                         0x8c (size before relaxing)
 .eh_frame      0x0000000000115ef8       0x2c binaries/messageRec.o
                                         0x44 (size before relaxing)
 .eh_frame      0x0000000000115f24       0x40 binaries/messageSend.o
                                         0x58 (size before relaxing)
 .eh_frame      0x0000000000115f64       0x74 binaries/mkbufpool.o
                                         0x8c (size before relaxing)
 .eh_frame      0x0000000000115fd8       0x18 binaries/mrecv_cb.o
                                         0x30 (size before relaxing)
 .eh_frame      0x0000000000115ff0       0x14 binaries/newqueue.o
                                         0x2c (size before relaxing)
 .eh_frame      0x0000000000116004       0x20 binaries/onandon.o
                                         0x38 (size before relaxing)
 .eh_frame      0x0000000000116024       0x44 binaries/open.o
                                         0x5c (size before relaxing)
 .eh_frame      0x0000000000116068       0x20 binaries/panic.o
                                         0x38 (size before relaxing)
 .eh_frame      0x0000000000116088       0xec binaries/pci.o
                                        0x104 (size before relaxing)
 .eh_frame      0x0000000000116174       0x38 binaries/platinit.o
                                         0x50 (size before relaxing)
 .eh_frame      0x00000000001161ac       0x68 binaries/ptclear.o
                                         0x80 (size before relaxing)
 .eh_frame      0x0000000000116214       0x50 binaries/ptcount.o
                                         0x68 (size before relaxing)
 .eh_frame      0x0000000000116264       0x60 binaries/ptcreate.o
                                         0x78 (size before relaxing)
 .eh_frame      0x00000000001162c4       0x44 binaries/ptdelete.o
                                         0x5c (size before relaxing)
 .eh_frame      0x0000000000116308       0x3c binaries/ptinit.o
                                         0x54 (size before relaxing)
 .eh_frame      0x0000000000116344       0x54 binaries/ptrecv.o
                                         0x6c (size before relaxing)
 .eh_frame      0x0000000000116398       0x44 binaries/ptreset.o
                                         0x5c (size before relaxing)
 .eh_frame      0x00000000001163dc       0x5c binaries/ptsend.o
                                         0x74 (size before relaxing)
 .eh_frame      0x0000000000116438       0x44 binaries/putc.o
                                         0x5c (size before relaxing)
 .eh_frame      0x000000000011647c       0x60 binaries/quark_irq.o
                                         0x78 (size before relaxing)
 .eh_frame      0x00000000001164dc       0xd0 binaries/quark_pdat.o
                                         0xe8 (size before relaxing)
 .eh_frame      0x00000000001165ac       0x34 binaries/queue.o
                                         0x4c (size before relaxing)
 .eh_frame      0x00000000001165e0       0x44 binaries/read.o
                                         0x5c (size before relaxing)
 .eh_frame      0x0000000000116624       0x28 binaries/ready.o
                                         0x40 (size before relaxing)
 .eh_frame      0x000000000011664c       0x54 binaries/receive.o
                                         0x6c (size before relaxing)
 .eh_frame      0x00000000001166a0       0x30 binaries/recvclr.o
                                         0x48 (size before relaxing)
 .eh_frame      0x00000000001166d0       0x50 binaries/recvtime.o
                                         0x68 (size before relaxing)
 .eh_frame      0x0000000000116720       0x5c binaries/resched.o
                                         0x74 (size before relaxing)
 .eh_frame      0x000000000011677c       0x48 binaries/resume.o
                                         0x60 (size before relaxing)
 .eh_frame      0x00000000001167c4       0x40 binaries/seek.o
                                         0x58 (size before relaxing)
 .eh_frame      0x0000000000116804       0x34 binaries/semcount.o
                                         0x4c (size before relaxing)
 .eh_frame      0x0000000000116838       0x40 binaries/semcreate.o
                                         0x58 (size before relaxing)
 .eh_frame      0x0000000000116878       0x5c binaries/semdelete.o
                                         0x74 (size before relaxing)
 .eh_frame      0x00000000001168d4       0x68 binaries/semreset.o
                                         0x80 (size before relaxing)
 .eh_frame      0x000000000011693c       0x84 binaries/sendblk.o
                                         0x9c (size before relaxing)
 .eh_frame      0x00000000001169c0       0x58 binaries/send.o
                                         0x70 (size before relaxing)
 .eh_frame      0x0000000000116a18       0x50 binaries/signal.o
                                         0x68 (size before relaxing)
 .eh_frame      0x0000000000116a68       0x5c binaries/signaln.o
                                         0x74 (size before relaxing)
 .eh_frame      0x0000000000116ac4       0x74 binaries/sleep.o
                                         0x8c (size before relaxing)
 .eh_frame      0x0000000000116b38       0x50 binaries/suspend.o
                                         0x68 (size before relaxing)
 .eh_frame      0x0000000000116b88       0x44 binaries/unsleep.o
                                         0x5c (size before relaxing)
 .eh_frame      0x0000000000116bcc       0x20 binaries/userret.o
                                         0x38 (size before relaxing)
 .eh_frame      0x0000000000116bec       0x50 binaries/wait.o
                                         0x68 (size before relaxing)
 .eh_frame      0x0000000000116c3c       0x2c binaries/wakeup.o
                                         0x44 (size before relaxing)
 .eh_frame      0x0000000000116c68       0x44 binaries/write.o
                                         0x5c (size before relaxing)
 .eh_frame      0x0000000000116cac       0x1c binaries/xdone.o
                                         0x34 (size before relaxing)
 .eh_frame      0x0000000000116cc8       0x28 binaries/yield.o
                                         0x40 (size before relaxing)
 .eh_frame      0x0000000000116cf0       0x14 binaries/abs.o
                                         0x2c (size before relaxing)
 .eh_frame      0x0000000000116d04       0x24 binaries/atoi.o
                                         0x3c (size before relaxing)
 .eh_frame      0x0000000000116d28       0x24 binaries/atol.o
                                         0x3c (size before relaxing)
 .eh_frame      0x0000000000116d4c       0x14 binaries/bzero.o
                                         0x2c (size before relaxing)
 .eh_frame      0x0000000000116d60      0x130 binaries/doprnt.o
                                        0x148 (size before relaxing)
 .eh_frame      0x0000000000116e90      0x104 binaries/doscan.o
                                        0x11c (size before relaxing)
 .eh_frame      0x0000000000116f94       0xf4 binaries/fdoprnt.o
                                        0x10c (size before relaxing)
 .eh_frame      0x0000000000117088       0x20 binaries/fgetc.o
                                         0x38 (size before relaxing)
 .eh_frame      0x00000000001170a8       0x44 binaries/fgets.o
                                         0x5c (size before relaxing)
 .eh_frame      0x00000000001170ec       0x24 binaries/fprintf.o
                                         0x3c (size before relaxing)
 .eh_frame      0x0000000000117110       0x20 binaries/fputc.o
                                         0x38 (size before relaxing)
 .eh_frame      0x0000000000117130       0x38 binaries/fputs.o
                                         0x50 (size before relaxing)
 .eh_frame      0x0000000000117168       0x6c binaries/fscanf.o
                                         0x84 (size before relaxing)
 .eh_frame      0x00000000001171d4       0x1c binaries/getchar.o
                                         0x34 (size before relaxing)
 .eh_frame      0x00000000001171f0       0x14 binaries/labs.o
                                         0x2c (size before relaxing)
 .eh_frame      0x0000000000117204       0x14 binaries/memchr.o
                                         0x2c (size before relaxing)
 .eh_frame      0x0000000000117218       0x24 binaries/memcmp.o
                                         0x3c (size before relaxing)
 .eh_frame      0x000000000011723c       0x24 binaries/memcpy.o
                                         0x3c (size before relaxing)
 .eh_frame      0x0000000000117260       0x1c binaries/memset.o
                                         0x34 (size before relaxing)
 .eh_frame      0x000000000011727c       0x24 binaries/printf.o
                                         0x3c (size before relaxing)
 .eh_frame      0x00000000001172a0       0x20 binaries/putchar.o
                                         0x38 (size before relaxing)
 .eh_frame      0x00000000001172c0       0xc0 binaries/qsort.o
                                         0xd8 (size before relaxing)
 .eh_frame      0x0000000000117380       0x28 binaries/rand.o
                                         0x40 (size before relaxing)
 .eh_frame      0x00000000001173a8       0x48 binaries/sprintf.o
                                         0x60 (size before relaxing)
 .eh_frame      0x00000000001173f0       0x54 binaries/sscanf.o
                                         0x6c (size before relaxing)
 .eh_frame      0x0000000000117444       0x1c binaries/strchr.o
                                         0x34 (size before relaxing)
 .eh_frame      0x0000000000117460       0x1c binaries/strcmp.o
                                         0x34 (size before relaxing)
 .eh_frame      0x000000000011747c       0x14 binaries/strcpy.o
                                         0x2c (size before relaxing)
 .eh_frame      0x0000000000117490       0x14 binaries/strlen.o
                                         0x2c (size before relaxing)
 .eh_frame      0x00000000001174a4       0x2c binaries/strncat.o
                                         0x44 (size before relaxing)
 .eh_frame      0x00000000001174d0       0x1c binaries/strncmp.o
                                         0x34 (size before relaxing)
 .eh_frame      0x00000000001174ec       0x30 binaries/strncpy.o
                                         0x48 (size before relaxing)
 .eh_frame      0x000000000011751c       0x1c binaries/strnlen.o
                                         0x34 (size before relaxing)
 .eh_frame      0x0000000000117538       0x1c binaries/strrchr.o
                                         0x34 (size before relaxing)
 .eh_frame      0x0000000000117554       0x38 binaries/strstr.o
                                         0x50 (size before relaxing)
 .eh_frame      0x000000000011758c       0x48 binaries/ttycontrol.o
                                         0x60 (size before relaxing)
 .eh_frame      0x00000000001175d4       0x38 binaries/ttygetc.o
                                         0x50 (size before relaxing)
 .eh_frame      0x000000000011760c       0xd8 binaries/ttyhandle_in.o
                                         0xf0 (size before relaxing)
 .eh_frame      0x00000000001176e4       0x64 binaries/ttyhandle_out.o
                                         0x7c (size before relaxing)
 .eh_frame      0x0000000000117748       0x54 binaries/ttyhandler.o
                                         0x6c (size before relaxing)
 .eh_frame      0x000000000011779c       0x48 binaries/ttyinit.o
                                         0x60 (size before relaxing)
 .eh_frame      0x00000000001177e4       0x14 binaries/ttykickout.o
                                         0x2c (size before relaxing)
 .eh_frame      0x00000000001177f8       0x58 binaries/ttyputc.o
                                         0x70 (size before relaxing)
 .eh_frame      0x0000000000117850       0x60 binaries/ttyread.o
                                         0x78 (size before relaxing)
 .eh_frame      0x00000000001178b0       0x38 binaries/ttywrite.o
                                         0x50 (size before relaxing)
 .eh_frame      0x00000000001178e8       0x78 binaries/mount.o
                                         0x90 (size before relaxing)
 .eh_frame      0x0000000000117960       0xe4 binaries/naminit.o
                                         0xfc (size before relaxing)
 .eh_frame      0x0000000000117a44       0xe8 binaries/nammap.o
                                        0x100 (size before relaxing)
 .eh_frame      0x0000000000117b2c       0x3c binaries/namopen.o
                                         0x54 (size before relaxing)
 .eh_frame      0x0000000000117b68       0x3c binaries/colon2mac.o
                                         0x54 (size before relaxing)
 .eh_frame      0x0000000000117ba4       0x40 binaries/ethcontrol.o
                                         0x58 (size before relaxing)
 .eh_frame      0x0000000000117be4       0x58 binaries/ethhandler.o
                                         0x70 (size before relaxing)
 .eh_frame      0x0000000000117c3c      0x14c binaries/ethinit.o
                                        0x164 (size before relaxing)
 .eh_frame      0x0000000000117d88       0xa0 binaries/ethmcast.o
                                         0xb8 (size before relaxing)
 .eh_frame      0x0000000000117e28       0x80 binaries/ethread.o
                                         0x98 (size before relaxing)
 .eh_frame      0x0000000000117ea8       0x44 binaries/ethwrite.o
                                         0x5c (size before relaxing)
 .eh_frame      0x0000000000117eec       0x30 binaries/rdsbufalloc.o
                                         0x48 (size before relaxing)
 .eh_frame      0x0000000000117f1c       0x38 binaries/rdsclose.o
                                         0x50 (size before relaxing)
 .eh_frame      0x0000000000117f54       0x8c binaries/rdscomm.o
                                         0xa4 (size before relaxing)
 .eh_frame      0x0000000000117fe0       0xb0 binaries/rdscontrol.o
                                         0xc8 (size before relaxing)
 .eh_frame      0x0000000000118090       0x90 binaries/rdsinit.o
                                         0xa8 (size before relaxing)
 .eh_frame      0x0000000000118120       0x74 binaries/rdsopen.o
                                         0x8c (size before relaxing)
 .eh_frame      0x0000000000118194       0xf8 binaries/rdsprocess.o
                                        0x110 (size before relaxing)
 .eh_frame      0x000000000011828c       0x7c binaries/rdsread.o
                                         0x94 (size before relaxing)
 .eh_frame      0x0000000000118308       0x80 binaries/rdswrite.o
                                         0x98 (size before relaxing)
 .eh_frame      0x0000000000118388       0x14 binaries/ramclose.o
                                         0x2c (size before relaxing)
 .eh_frame      0x000000000011839c       0x2c binaries/raminit.o
                                         0x44 (size before relaxing)
 .eh_frame      0x00000000001183c8       0x14 binaries/ramopen.o
                                         0x2c (size before relaxing)
 .eh_frame      0x00000000001183dc       0x20 binaries/ramread.o
                                         0x38 (size before relaxing)
 .eh_frame      0x00000000001183fc       0x20 binaries/ramwrite.o
                                         0x38 (size before relaxing)
 .eh_frame      0x000000000011841c       0x64 binaries/lfdballoc.o
                                         0x7c (size before relaxing)
 .eh_frame      0x0000000000118480       0x40 binaries/lfdbfree.o
                                         0x58 (size before relaxing)
 .eh_frame      0x00000000001184c0       0x50 binaries/lfflush.o
                                         0x68 (size before relaxing)
 .eh_frame      0x0000000000118510       0x14 binaries/lfgetmode.o
                                         0x2c (size before relaxing)
 .eh_frame      0x0000000000118524       0x44 binaries/lfiballoc.o
                                         0x5c (size before relaxing)
 .eh_frame      0x0000000000118568       0x14 binaries/lfibclear.o
                                         0x2c (size before relaxing)
 .eh_frame      0x000000000011857c       0x4c binaries/lfibget.o
                                         0x64 (size before relaxing)
 .eh_frame      0x00000000001185c8       0x68 binaries/lfibput.o
                                         0x80 (size before relaxing)
 .eh_frame      0x0000000000118630       0x4c binaries/lflclose.o
                                         0x64 (size before relaxing)
 .eh_frame      0x000000000011867c       0x68 binaries/lflcontrol.o
                                         0x80 (size before relaxing)
 .eh_frame      0x00000000001186e4       0x54 binaries/lflgetc.o
                                         0x6c (size before relaxing)
 .eh_frame      0x0000000000118738       0x50 binaries/lflinit.o
                                         0x68 (size before relaxing)
 .eh_frame      0x0000000000118788       0x68 binaries/lflputc.o
                                         0x80 (size before relaxing)
 .eh_frame      0x00000000001187f0       0x44 binaries/lflread.o
                                         0x5c (size before relaxing)
 .eh_frame      0x0000000000118834       0x50 binaries/lflseek.o
                                         0x68 (size before relaxing)
[...]
 .comment       0x0000000000000034       0x35 binaries/xsh_memdump.o
 .comment       0x0000000000000034       0x35 binaries/xsh_memstat.o
 .comment       0x0000000000000034       0x35 binaries/xsh_ping.o
 .comment       0x0000000000000034       0x35 binaries/xsh_ps.o
 .comment       0x0000000000000034       0x35 binaries/xsh_sleep.o
 .comment       0x0000000000000034       0x35 binaries/xsh_udpdump.o
 .comment       0x0000000000000034       0x35 binaries/xsh_udpecho.o
 .comment       0x0000000000000034       0x35 binaries/xsh_udpeserver.o
 .comment       0x0000000000000034       0x35 binaries/xsh_uptime.o

.note.GNU-stack
                0x0000000000000000        0x0
 .note.GNU-stack
                0x0000000000000000        0x0 binaries/ascdate.o
 .note.GNU-stack
                0x0000000000000000        0x0 binaries/asyMessageRec.o
 .note.GNU-stack
                0x0000000000000000        0x0 binaries/asyMessageSend.o
 .note.GNU-stack
                0x0000000000000000        0x0 binaries/asyMessageSendMult.o
 .note.GNU-stack
                0x0000000000000000        0x0 binaries/asyTest1.o
 .note.GNU-stack
                0x0000000000000000        0x0 binaries/asyTest2.o
 .note.GNU-stack
                0x0000000000000000        0x0 binaries/blockTest1.o
 .note.GNU-stack
                0x0000000000000000        0x0 binaries/blockTest2.o
 .note.GNU-stack
                0x0000000000000000        0x0 binaries/bufinit.o
 .note.GNU-stack
                0x0000000000000000        0x0 binaries/cbreg.o
 .note.GNU-stack
                0x0000000000000000        0x0 binaries/chprio.o
 .note.GNU-stack
                0x0000000000000000        0x0 binaries/clkhandler.o
 .note.GNU-stack
                0x0000000000000000        0x0 binaries/clkinit.o
 .note.GNU-stack
                0x0000000000000000        0x0 binaries/close.o
 .note.GNU-stack
                0x0000000000000000        0x0 binaries/conf.o
 .note.GNU-stack
                0x0000000000000000        0x0 binaries/control.o
 .note.GNU-stack
                0x0000000000000000        0x0 binaries/create.o
 .note.GNU-stack
                0x0000000000000000        0x0 binaries/early_imr.o
 .note.GNU-stack
                0x0000000000000000        0x0 binaries/evec.o
 .note.GNU-stack
                0x0000000000000000        0x0 binaries/freebuf.o
 .note.GNU-stack
                0x0000000000000000        0x0 binaries/freemem.o
 .note.GNU-stack
                0x0000000000000000        0x0 binaries/getbuf.o
 .note.GNU-stack
                0x0000000000000000        0x0 binaries/getc.o
 .note.GNU-stack
                0x0000000000000000        0x0 binaries/getdev.o
 .note.GNU-stack
                0x0000000000000000        0x0 binaries/getitem.o
 .note.GNU-stack
                0x0000000000000000        0x0 binaries/getmem.o
 .note.GNU-stack
                0x0000000000000000        0x0 binaries/getpid.o
 .note.GNU-stack
                0x0000000000000000        0x0 binaries/getprio.o
 .note.GNU-stack
                0x0000000000000000        0x0 binaries/getstk.o
 .note.GNU-stack
                0x0000000000000000        0x0 binaries/gettime.o
 .note.GNU-stack
                0x0000000000000000        0x0 binaries/getutime.o
 .note.GNU-stack
                0x0000000000000000        0x0 binaries/init.o
 .note.GNU-stack
                0x0000000000000000        0x0 binaries/initialize.o
 .note.GNU-stack
                0x0000000000000000        0x0 binaries/insert.o
 .note.GNU-stack
                0x0000000000000000        0x0 binaries/insertd.o
 .note.GNU-stack
                0x0000000000000000        0x0 binaries/ioerr.o
 .note.GNU-stack
                0x0000000000000000        0x0 binaries/ionull.o
 .note.GNU-stack
                0x0000000000000000        0x0 binaries/jumpcb.o
 .note.GNU-stack
                0x0000000000000000        0x0 binaries/kill.o
 .note.GNU-stack
                0x0000000000000000        0x0 binaries/kprintf.o
 .note.GNU-stack
                0x0000000000000000        0x0 binaries/main1.o
 .note.GNU-stack
                0x0000000000000000        0x0 binaries/main.o
 .note.GNU-stack
                0x0000000000000000        0x0 binaries/mark.o
 .note.GNU-stack
                0x0000000000000000        0x0 binaries/meminit.o
 .note.GNU-stack
                0x0000000000000000        0x0 binaries/messageRec.o
 .note.GNU-stack
                0x0000000000000000        0x0 binaries/messageSend.o
 .note.GNU-stack
                0x0000000000000000        0x0 binaries/mkbufpool.o
 .note.GNU-stack
                0x0000000000000000        0x0 binaries/mrecv_cb.o
 .note.GNU-stack
                0x0000000000000000        0x0 binaries/newqueue.o
 .note.GNU-stack
                0x0000000000000000        0x0 binaries/onandon.o
 .note.GNU-stack
                0x0000000000000000        0x0 binaries/open.o
 .note.GNU-stack
                0x0000000000000000        0x0 binaries/panic.o
 .note.GNU-stack
                0x0000000000000000        0x0 binaries/pci.o
 .note.GNU-stack
                0x0000000000000000        0x0 binaries/platinit.o
 .note.GNU-stack
                0x0000000000000000        0x0 binaries/ptclear.o
 .note.GNU-stack
                0x0000000000000000        0x0 binaries/ptcount.o
 .note.GNU-stack
                0x0000000000000000        0x0 binaries/ptcreate.o
 .note.GNU-stack
                0x0000000000000000        0x0 binaries/ptdelete.o
 .note.GNU-stack
                0x0000000000000000        0x0 binaries/ptinit.o
 .note.GNU-stack
                0x0000000000000000        0x0 binaries/ptrecv.o
 .note.GNU-stack
                0x0000000000000000        0x0 binaries/ptreset.o
 .note.GNU-stack
                0x0000000000000000        0x0 binaries/ptsend.o
 .note.GNU-stack
                0x0000000000000000        0x0 binaries/putc.o
 .note.GNU-stack
                0x0000000000000000        0x0 binaries/quark_irq.o
 .note.GNU-stack
                0x0000000000000000        0x0 binaries/quark_pdat.o
 .note.GNU-stack
                0x0000000000000000        0x0 binaries/queue.o
 .note.GNU-stack
                0x0000000000000000        0x0 binaries/read.o
 .note.GNU-stack
                0x0000000000000000        0x0 binaries/ready.o
 .note.GNU-stack
                0x0000000000000000        0x0 binaries/receive.o
 .note.GNU-stack
                0x0000000000000000        0x0 binaries/recvclr.o
 .note.GNU-stack
                0x0000000000000000        0x0 binaries/recvtime.o
 .note.GNU-stack
                0x0000000000000000        0x0 binaries/resched.o
 .note.GNU-stack
                0x0000000000000000        0x0 binaries/resume.o
 .note.GNU-stack
                0x0000000000000000        0x0 binaries/seek.o
 .note.GNU-stack
                0x0000000000000000        0x0 binaries/semcount.o
 .note.GNU-stack
                0x0000000000000000        0x0 binaries/semcreate.o
 .note.GNU-stack
                0x0000000000000000        0x0 binaries/semdelete.o
 .note.GNU-stack
                0x0000000000000000        0x0 binaries/semreset.o
 .note.GNU-stack
                0x0000000000000000        0x0 binaries/sendblk.o
 .note.GNU-stack
                0x0000000000000000        0x0 binaries/send.o
 .note.GNU-stack
                0x0000000000000000        0x0 binaries/signal.o
 .note.GNU-stack
                0x0000000000000000        0x0 binaries/signaln.o
 .note.GNU-stack
                0x0000000000000000        0x0 binaries/sleep.o
 .note.GNU-stack
                0x0000000000000000        0x0 binaries/suspend.o
 .note.GNU-stack
                0x0000000000000000        0x0 binaries/unsleep.o
 .note.GNU-stack
                0x0000000000000000        0x0 binaries/userret.o
 .note.GNU-stack
                0x0000000000000000        0x0 binaries/wait.o
 .note.GNU-stack
                0x0000000000000000        0x0 binaries/wakeup.o
 .note.GNU-stack
                0x0000000000000000        0x0 binaries/write.o
 .note.GNU-stack
                0x0000000000000000        0x0 binaries/xdone.o
 .note.GNU-stack
                0x0000000000000000        0x0 binaries/yield.o
 .note.GNU-stack
                0x0000000000000000        0x0 binaries/abs.o
 .note.GNU-stack
                0x0000000000000000        0x0 binaries/atoi.o
 .note.GNU-stack
                0x0000000000000000        0x0 binaries/atol.o
 .note.GNU-stack
                0x0000000000000000        0x0 binaries/bzero.o
 .note.GNU-stack
                0x0000000000000000        0x0 binaries/ctype_.o
 .note.GNU-stack
                0x0000000000000000        0x0 binaries/doprnt.o
 .note.GNU-stack
                0x0000000000000000        0x0 binaries/doscan.o
 .note.GNU-stack
                0x0000000000000000        0x0 binaries/fdoprnt.o
 .note.GNU-stack
                0x0000000000000000        0x0 binaries/fgetc.o
 .note.GNU-stack
                0x0000000000000000        0x0 binaries/fgets.o
 .note.GNU-stack
                0x0000000000000000        0x0 binaries/fprintf.o
 .note.GNU-stack
                0x0000000000000000        0x0 binaries/fputc.o
 .note.GNU-stack
                0x0000000000000000        0x0 binaries/fputs.o
 .note.GNU-stack
                0x0000000000000000        0x0 binaries/fscanf.o
 .note.GNU-stack
                0x0000000000000000        0x0 binaries/getchar.o
 .note.GNU-stack
                0x0000000000000000        0x0 binaries/labs.o
 .note.GNU-stack
                0x0000000000000000        0x0 binaries/memchr.o
 .note.GNU-stack
                0x0000000000000000        0x0 binaries/memcmp.o
 .note.GNU-stack
                0x0000000000000000        0x0 binaries/memcpy.o
 .note.GNU-stack
                0x0000000000000000        0x0 binaries/memset.o
 .note.GNU-stack
                0x0000000000000000        0x0 binaries/printf.o
 .note.GNU-stack
                0x0000000000000000        0x0 binaries/putchar.o
 .note.GNU-stack
                0x0000000000000000        0x0 binaries/qsort.o
 .note.GNU-stack
                0x0000000000000000        0x0 binaries/rand.o
 .note.GNU-stack
                0x0000000000000000        0x0 binaries/sprintf.o
 .note.GNU-stack
                0x0000000000000000        0x0 binaries/sscanf.o
 .note.GNU-stack
                0x0000000000000000        0x0 binaries/strchr.o
 .note.GNU-stack
                0x0000000000000000        0x0 binaries/strcmp.o
 .note.GNU-stack
                0x0000000000000000        0x0 binaries/strcpy.o
 .note.GNU-stack
                0x0000000000000000        0x0 binaries/strlen.o
 .note.GNU-stack
                0x0000000000000000        0x0 binaries/strncat.o
 .note.GNU-stack
                0x0000000000000000        0x0 binaries/strncmp.o
 .note.GNU-stack
                0x0000000000000000        0x0 binaries/strncpy.o
 .note.GNU-stack
                0x0000000000000000        0x0 binaries/strnlen.o
 .note.GNU-stack
                0x0000000000000000        0x0 binaries/strrchr.o
 .note.GNU-stack
                0x0000000000000000        0x0 binaries/strstr.o
 .note.GNU-stack
                0x0000000000000000        0x0 binaries/ttycontrol.o
 .note.GNU-stack
                0x0000000000000000        0x0 binaries/ttygetc.o
 .note.GNU-stack
                0x0000000000000000        0x0 binaries/ttyhandle_in.o
 .note.GNU-stack
                0x0000000000000000        0x0 binaries/ttyhandle_out.o
 .note.GNU-stack
                0x0000000000000000        0x0 binaries/ttyhandler.o
 .note.GNU-stack
                0x0000000000000000        0x0 binaries/ttyinit.o
 .note.GNU-stack
                0x0000000000000000        0x0 binaries/ttykickout.o
 .note.GNU-stack
                0x0000000000000000        0x0 binaries/ttyputc.o
 .note.GNU-stack
                0x0000000000000000        0x0 binaries/ttyread.o
 .note.GNU-stack
                0x0000000000000000        0x0 binaries/ttywrite.o
 .note.GNU-stack
                0x0000000000000000        0x0 binaries/mount.o
 .note.GNU-stack
                0x0000000000000000        0x0 binaries/naminit.o
 .note.GNU-stack
                0x0000000000000000        0x0 binaries/nammap.o
 .note.GNU-stack
                0x0000000000000000        0x0 binaries/namopen.o
 .note.GNU-stack
                0x0000000000000000        0x0 binaries/colon2mac.o
 .note.GNU-stack
                0x0000000000000000        0x0 binaries/ethcontrol.o
 .note.GNU-stack
                0x0000000000000000        0x0 binaries/ethhandler.o
 .note.GNU-stack
                0x0000000000000000        0x0 binaries/ethinit.o
 .note.GNU-stack
                0x0000000000000000        0x0 binaries/ethmcast.o
 .note.GNU-stack
                0x0000000000000000        0x0 binaries/ethread.o
 .note.GNU-stack
                0x0000000000000000        0x0 binaries/ethwrite.o
 .note.GNU-stack
                0x0000000000000000        0x0 binaries/rdsbufalloc.o
 .note.GNU-stack
                0x0000000000000000        0x0 binaries/rdsclose.o
 .note.GNU-stack
                0x0000000000000000        0x0 binaries/rdscomm.o
 .note.GNU-stack
                0x0000000000000000        0x0 binaries/rdscontrol.o
 .note.GNU-stack
                0x0000000000000000        0x0 binaries/rdsinit.o
 .note.GNU-stack
                0x0000000000000000        0x0 binaries/rdsopen.o
 .note.GNU-stack
                0x0000000000000000        0x0 binaries/rdsprocess.o
 .note.GNU-stack
                0x0000000000000000        0x0 binaries/rdsread.o
 .note.GNU-stack
                0x0000000000000000        0x0 binaries/rdswrite.o
 .note.GNU-stack
                0x0000000000000000        0x0 binaries/ramclose.o
 .note.GNU-stack
                0x0000000000000000        0x0 binaries/raminit.o
 .note.GNU-stack
                0x0000000000000000        0x0 binaries/ramopen.o
 .note.GNU-stack
                0x0000000000000000        0x0 binaries/ramread.o
 .note.GNU-stack
                0x0000000000000000        0x0 binaries/ramwrite.o
 .note.GNU-stack
                0x0000000000000000        0x0 binaries/lfdballoc.o
 .note.GNU-stack
                0x0000000000000000        0x0 binaries/lfdbfree.o
 .note.GNU-stack
                0x0000000000000000        0x0 binaries/lfflush.o
 .note.GNU-stack
                0x0000000000000000        0x0 binaries/lfgetmode.o
 .note.GNU-stack
                0x0000000000000000        0x0 binaries/lfiballoc.o
 .note.GNU-stack
                0x0000000000000000        0x0 binaries/lfibclear.o
 .note.GNU-stack
                0x0000000000000000        0x0 binaries/lfibget.o
 .note.GNU-stack
                0x0000000000000000        0x0 binaries/lfibput.o
 .note.GNU-stack
                0x0000000000000000        0x0 binaries/lflclose.o
 .note.GNU-stack
                0x0000000000000000        0x0 binaries/lflcontrol.o
 .note.GNU-stack
                0x0000000000000000        0x0 binaries/lflgetc.o
 .note.GNU-stack
                0x0000000000000000        0x0 binaries/lflinit.o
 .note.GNU-stack
                0x0000000000000000        0x0 binaries/lflputc.o
 .note.GNU-stack
                0x0000000000000000        0x0 binaries/lflread.o
 .note.GNU-stack
                0x0000000000000000        0x0 binaries/lflseek.o
 .note.GNU-stack
                0x0000000000000000        0x0 binaries/lflwrite.o
 .note.GNU-stack
                0x0000000000000000        0x0 binaries/lfsckfmt.o
 .note.GNU-stack
                0x0000000000000000        0x0 binaries/lfscreate.o
 .note.GNU-stack
                0x0000000000000000        0x0 binaries/lfsetup.o
 .note.GNU-stack
                0x0000000000000000        0x0 binaries/lfsinit.o
 .note.GNU-stack
                0x0000000000000000        0x0 binaries/lfsopen.o
 .note.GNU-stack
                0x0000000000000000        0x0 binaries/lftruncate.o
 .note.GNU-stack
                0x0000000000000000        0x0 binaries/rflclose.o
 .note.GNU-stack
                0x0000000000000000        0x0 binaries/rflgetc.o
 .note.GNU-stack
                0x0000000000000000        0x0 binaries/rflinit.o
 .note.GNU-stack
                0x0000000000000000        0x0 binaries/rflputc.o
 .note.GNU-stack
                0x0000000000000000        0x0 binaries/rflread.o
 .note.GNU-stack
                0x0000000000000000        0x0 binaries/rflseek.o
 .note.GNU-stack
                0x0000000000000000        0x0 binaries/rflwrite.o
 .note.GNU-stack
                0x0000000000000000        0x0 binaries/rfscomm.o
 .note.GNU-stack
                0x0000000000000000        0x0 binaries/rfscontrol.o
 .note.GNU-stack
                0x0000000000000000        0x0 binaries/rfsgetmode.o
 .note.GNU-stack
                0x0000000000000000        0x0 binaries/rfsinit.o
 .note.GNU-stack
                0x0000000000000000        0x0 binaries/rfsndmsg.o
 .note.GNU-stack
                0x0000000000000000        0x0 binaries/rfsopen.o
 .note.GNU-stack
                0x0000000000000000        0x0 binaries/arp.o
 .note.GNU-stack
                0x0000000000000000        0x0 binaries/dhcp.o
 .note.GNU-stack
                0x0000000000000000        0x0 binaries/dot2ip.o
 .note.GNU-stack
                0x0000000000000000        0x0 binaries/hexdump.o
 .note.GNU-stack
                0x0000000000000000        0x0 binaries/icmp.o
 .note.GNU-stack
                0x0000000000000000        0x0 binaries/ip.o
 .note.GNU-stack
                0x0000000000000000        0x0 binaries/net.o
 .note.GNU-stack
                0x0000000000000000        0x0 binaries/netstart.o
 .note.GNU-stack
                0x0000000000000000        0x0 binaries/pdump.o
 .note.GNU-stack
                0x0000000000000000        0x0 binaries/tftp.o
 .note.GNU-stack
                0x0000000000000000        0x0 binaries/udp.o
 .note.GNU-stack
                0x0000000000000000        0x0 binaries/addargs.o
 .note.GNU-stack
                0x0000000000000000        0x0 binaries/lab1cmd2.o
 .note.GNU-stack
                0x0000000000000000        0x0 binaries/lab1cmd3.o
 .note.GNU-stack
                0x0000000000000000        0x0 binaries/lab1cmd4.o
 .note.GNU-stack
                0x0000000000000000        0x0 binaries/lab1cmd.o
 .note.GNU-stack
                0x0000000000000000        0x0 binaries/lexan.o
 .note.GNU-stack
                0x0000000000000000        0x0 binaries/shell.o
 .note.GNU-stack
                0x0000000000000000        0x0 binaries/xsh_argecho.o
 .note.GNU-stack
                0x0000000000000000        0x0 binaries/xsh_arp.o
 .note.GNU-stack
                0x0000000000000000        0x0 binaries/xsh_cat.o
 .note.GNU-stack
                0x0000000000000000        0x0 binaries/xsh_clear.o
 .note.GNU-stack
                0x0000000000000000        0x0 binaries/xsh_date.o
 .note.GNU-stack
                0x0000000000000000        0x0 binaries/xsh_devdump.o
 .note.GNU-stack
                0x0000000000000000        0x0 binaries/xsh_echo.o
 .note.GNU-stack
                0x0000000000000000        0x0 binaries/xsh_exit.o
 .note.GNU-stack
                0x0000000000000000        0x0 binaries/xsh_help.o
 .note.GNU-stack
                0x0000000000000000        0x0 binaries/xsh_ipaddr.o
 .note.GNU-stack
                0x0000000000000000        0x0 binaries/xsh_kill.o
 .note.GNU-stack
                0x0000000000000000        0x0 binaries/xsh_memdump.o
 .note.GNU-stack
                0x0000000000000000        0x0 binaries/xsh_memstat.o
 .note.GNU-stack
                0x0000000000000000        0x0 binaries/xsh_ping.o
 .note.GNU-stack
                0x0000000000000000        0x0 binaries/xsh_ps.o
 .note.GNU-stack
                0x0000000000000000        0x0 binaries/xsh_sleep.o
 .note.GNU-stack
                0x0000000000000000        0x0 binaries/xsh_udpdump.o
 .note.GNU-stack
                0x0000000000000000        0x0 binaries/xsh_udpecho.o
 .note.GNU-stack
                0x0000000000000000        0x0 binaries/xsh_udpeserver.o
 .note.GNU-stack
                0x0000000000000000        0x0 binaries/xsh_uptime.o
